        Generalplus 6502 Assembler - Version 1.7.1.0  
              Listing File Has Been Relocated

     1                              .INCLUDE	SYS\Macro.inc
     2                      <       
     3                      <       ;==========================================
     4                      <       ; Constant define area
     5                      <       C_SramAddrStart		    .EQU		0080H	;SRAM start address
     6                      <       C_SramAddrEnd   		.EQU		00FFH	;SRAM end address
     7                      <       C_DPRAMAddrStart		.EQU		3E00H	;DPRAM start address
     8                      <       C_DPRAMAddrEnd   		.EQU		3FFFH	;DPRAM end address
     9                      <       
    10                      <       D_Bit0					equ		01H
    11                      <       D_Bit1					equ		02H
    12                      <       D_Bit2					equ		04H
    13                      <       D_Bit3					equ		08H
    14                      <       D_Bit4					equ		10H
    15                      <       D_Bit5					equ		20H
    16                      <       D_Bit6					equ		40H
    17                      <       D_Bit7					equ		80H
    18                      <       
    19                      <       C_High		equ	0x01
    20                      <       C_Input		equ	0x00
    21                      <       
    22                      <       ;PCDir for 1  is output, for 0 is input
    23                      <       C_PC0Dir	equ	D_Bit0
    24                      <       C_PC1Dir	equ	D_Bit1
    25                      <       C_PC2Dir	equ	D_Bit2
    26                      <       C_PC3Dir	equ	D_Bit3
    27                      <       C_PC6Dir	equ	D_Bit6
    28                      <       C_PC7Dir	equ	D_Bit7
    29                      <       
    30                      <       D_BLight	equ	D_Bit2
    31                      <       D_Pulse		equ	D_Bit3
    32                      <       D_LVD		equ	D_Bit5
    33                      <       
    34                      <       
    35                      <       C_MusicOne	equ	21
    36                      <       C_MusicAll	equ	22
    37                      <       C_MusicStop	equ	23
    38                      <       C_MinVol	equ	31
    39                      <       C_MaxVol	equ	45
    40                      <       
    41                      <       ;;============================================================================
    42                      <       ;Macro Name: %M_ClearWatchDog
    43                      <       ;Purpose: Clear Watchdog
    44                      <       ;Destroy: A
    45                      <       ;;============================================================================
    46                      <       %M_ClearWatchDog:		.MACRO 
    47                      <       	LDA		#D_WDT_Clear
    48                      <       	STA		P_WDT_Flag_Clear			; Clear WDT
    49                      <       	.ENDM
    50                      <       ;;============================================================================
    51                      <       ;Macro Name: %M_DisAllInt
    52                      <       ;Purpose: Disable all interrupt 
    53                      <       ;Destroy: A
    54                      <       ;;============================================================================
    55                      <       %F_InitINT:		.MACRO
    56                      <       		LDA		#00000111b		;2HZ （bit0~2) for 111 is 4K 			;timeBaseA 2hz timeBaseB 16hz
    57                      <       		STA		P_TIMER_TimeBase_Sel		
    58                      <       		LDA		#D_2KHzInt+D_128HzInt+D_TMBAInt+D_TMBBInt;+D_Timer0Int
    59                      <       		STA		P_INT_Ctrl
    60                      <       		LDA		#00
    61                      <       		STA		P_INT_Ctrl2		;disable TMR1 INT
    62                      <       ;		LDA		#D_TimerEn+D_TimerFallEdge+D_TimerSrcA_VDD+D_TimerSrcB_LF
    63                      <       ;		STA		P_TIMER_Timer0_Ctrl
    64                      <       ;		LDA		#0xC8
    65                      <       ;		LDA		#0xFC
    66                      <       ;		STA		P_TIMER_TM0Data_LB		;8k
    67                      <       ;		LDA		#0xFF
    68                      <       ;		STA		P_TIMER_TM0Data_HB
    69                      <       	.ENDM
    70                      <       ;;============================================================================
    71                      <       ;Macro Name: %DisableLCD
    72                      <       ;Purpose: Disable LCD
    73                      <       ;Destroy: A
    74                      <       ;;============================================================================
    75                      <       %DisableLCD:		.MACRO
    76                      <       	
    77                      <       		LDA		#(D_Duty_1_5+D_Bias_1_4)	;+D_ScanEnable)
    78                      <       		STA		P_LCD_Ctrl		;1/11duty,1/4bias,normal scan
    79                      <       		
    80                      <       		LDA     #D_VLCD_33         ;VLCD = 4.5V (max value)
    81                      <       		STA     P_LCD_VLCD_Ctrl
    82                      <       	.ENDM
    83                      <       ;-----------------------------------------------------------------------------
    84                      <       ; Macro Name:	%M_InitLCD
    85                      <       ; Description:	Initialize LCD configuration after power on
    86                      <       ;-----------------------------------------------------------------------------	
    87                      <       ;%M_InitLCD:		.MACRO
    88                      <       ;    LDA		#D_LCDMode_Normal+D_LCDSetting_3Bias_4Duty+D_LCDGreenMode_En
    89                      <       ;;	LDA		#(D_LCDMode_Normal+D_LCDSetting_3Bias_4Duty)
    90                      <       ;	STA		P_LCD_Ctrl		;1/4duty,1/3bias,normal scan
    91                      <       ;
    92                      <       ;	.ENDM
    93                      <       ;-----------------------------------------------------------------------------
    94                      <       ; Macro Name:	%FillLcdDpram
    95                      <       ; Description:	Fill LCD DPRAM $50 ~$5F
    96                      <       ;-----------------------------------------------------------------------------
    97                      <       ;%FillLcdDpram	.MACRO	mData
    98                      <       ;		
    99                      <       ;		%M_ClearWatchDog
   100                      <       ;		LDX		#00H
   101                      <       ;		LDA     mData
   102                      <       ;?L_ClrDpramLoop:
   103                      <       ;		STA		$50,X
   104                      <       ;		INX
   105                      <       ;		CPX		#10H
   106                      <       ;		BNE		?L_ClrDpramLoop	
   107                      <       ;
   108                      <       ;	.ENDM
   109                      <       
   110                      <       ;;==========================================================================
   111                      <       ;;Macro Name: %M_SetPC7_InputPL                 Attrib     Dir    Data
   112                      <       ;;Purpose: Set PortC7 iutput pull low            0          0      1
   113                      <       ;;Destroy: A
   114                      <       ;;==========================================================================
   115                      <       ;%M_SetPC7_InputPL:	.MACRO
   116                      <       ;	    LDA		P_IO_PortC_Attrib
   117                      <       ;		AND     #7FH
   118                      <       ;		STA		P_IO_PortC_Attrib
   119                      <       ;		
   120                      <       ;		LDA		P_IO_PortC_Dir
   121                      <       ;		AND     #7FH
   122                      <       ;		STA		P_IO_PortC_Dir
   123                      <       ;		
   124                      <       ;		LDA		P_IO_PortC_Buffer
   125                      <       ;		ORA		#10000000B
   126                      <       ;		STA		P_IO_PortC_Data
   127                      <       ;
   128                      <       ;			.ENDM
   129                      <       ;;==========================================================================
   130                      <       ;;Macro Name: %M_SetPC7_InputPH               Attrib     Dir    Data
   131                      <       ;;Purpose: Set PortC7 iutput pull high         1          0      1
   132                      <       ;;Destroy: A
   133                      <       ;;==========================================================================
   134                      <       ;%M_SetPC7_InputPH:	.MACRO
   135                      <       ;	    LDA		P_IO_PortC_Attrib
   136                      <       ;		ORA     #80H
   137                      <       ;		STA		P_IO_PortC_Attrib
   138                      <       ;		
   139                      <       ;		LDA		P_IO_PortC_Dir
   140                      <       ;		AND     #7FH
   141                      <       ;		STA		P_IO_PortC_Dir
   142                      <       ;		
   143                      <       ;		LDA		P_IO_PortC_Buffer
   144                      <       ;		ORA		#10000000B
   145                      <       ;		STA		P_IO_PortC_Data
   146                      <       ;
   147                      <       ;			.ENDM
   148                      <       ;;==========================================================================
   149                      <       ;;Macro Name: %M_SetPC7_Output               Attrib     Dir    Data
   150                      <       ;;Purpose: Set PortC7 driving  low            0          1      0
   151                      <       ;;Destroy: A
   152                      <       ;;==========================================================================
   153                      <       ;%M_SetPC7_OutputL:	.MACRO
   154                      <       ;        LDA		P_IO_PortC_Attrib
   155                      <       ;		AND     #7FH
   156                      <       ;		STA		P_IO_PortC_Attrib
   157                      <       ;		
   158                      <       ;		LDA		P_IO_PortC_Dir
   159                      <       ;		ORA     #80H
   160                      <       ;		STA		P_IO_PortC_Dir
   161                      <       ;		
   162                      <       ;		LDA		P_IO_PortC_Buffer
   163                      <       ;		AND		#01111111b
   164                      <       ;		STA		P_IO_PortC_Data
   165                      <       ;			.ENDM
   166                      <       ;;==========================================================================
   167                      <       ;;Macro Name: %M_SetPC7_Output             Attrib     Dir    Data
   168                      <       ;;Purpose: Set PortC7 driving  high          0         1      1
   169                      <       ;;Destroy: A
   170                      <       ;;==========================================================================
   171                      <       ;%M_SetPC7_OutputH:	.MACRO
   172                      <       ;        LDA		P_IO_PortC_Attrib
   173                      <       ;		AND     #7FH
   174                      <       ;		STA		P_IO_PortC_Attrib
   175                      <       ;		
   176                      <       ;		LDA		P_IO_PortC_Dir
   177                      <       ;		ORA     #80H
   178                      <       ;		STA		P_IO_PortC_Dir
   179                      <       ;		
   180                      <       ;		LDA		P_IO_PortC_Buffer
   181                      <       ;		ORA		#10000000B
   182                      <       ;		STA		P_IO_PortC_Data
   183                      <       ;		
   184                      <       ;			.ENDM
   185                      <       ;----------------------------------------------------------
   186                      <       ;/***********************************************/
   187                      <       ;         i.L=1 
   188                      <       %bits:   .MACRO   i,L             ;BYTE i;  
   189                      <                 lda     i               ;ex.  
   190                      <                 ora     #L              ;  %bits 10H,_BIT0
   191                      <       		                   ;  10H.0=1
   192                      <                 sta     i               ;
   193                      <                .ENDM    
   194                      <       
   195                      <       ;/***********************************************/
   196                      <       ;         i.L=0
   197                      <       %bitr:   .MACRO   i,L             ;BYTE i;  
   198                      <                 lda     i               ;ex.  
   199                      <                 and     #.NOT.L         ;  %bitr 10H,_BIT0;  10H.0=0
   200                      <                 sta     i
   201                      <                .ENDM    
   202                      <       
   203                      <       ;/***********************************************/
   204                      <       ;         if(i.L==1) goto N
   205                      <       %btst:   .MACRO   i,L,N           ;BYTE i;  
   206                      <                 lda     i               ;ex.   
   207                      <                 and     #L              ;  %btst 10H,_BIT0,N
   208                      <                 bne     N               ;  if(10H.0=1) goto N 
   209                      <                .ENDM    
   210                      <                                         
   211                      <       ;/***********************************************/
   212                      <       ;         if(i.L==0) goto N
   213                      <       %btsf:   .MACRO   i,L,N           ;BYTE i;    
   214                      <                 lda     i               ;ex.   
   215                      <                 and     #L              ;  %btsf 10H,_BIT0,N
   216                      <                 beq     N               ;  if(10H.0=0) goto N 
   217                      <                .ENDM    
   218                      <       ;/***********************************************/
   219                      <       ;         if(i==#0) goto N
   220                      <       %jz:     .MACRO   i,N             ;BYTE i;
   221                      <                 lda     i               ;ex.
   222                      <                 beq     N               ;  %jz 10H,N
   223                      <                .ENDM                    ;  if(10H==#0) goto N
   224                      <       
   225                      <       ;/***********************************************/
   226                      <       ;         if(i!=#0) goto N
   227                      <       %jnz:    .MACRO   i,N             ;BYTE i;
   228                      <                 lda     i               ;ex.
   229                      <                 bne     N               ;  %jnz 10H,N
   230                      <                .ENDM                    ;  if($10!=#0) goto N
   231                      <                   
   232                      <       ;-----------------------------------------------------------------------------
   233                      <       ; Macro Name:	%InitSystem
   234                      <       ; Description:	Initial system port
   235                      <       ;-----------------------------------------------------------------------------
   236                      <       %InitSystem		.MACRO
   237                      <       		LDA		#0
   238                      <       		STA		P_Reset_Status	;Clear AC key reset flag
   239                      <       		%Enable32KLF
   240                      <       	.ENDM
   241                      <       ;-----------------------------------------------------------------------------
   242                      <       ; Macro Name:	%Disable32KLF
   243                      <       ; Description:	Disable Low Frequency
   244                      <       ;-----------------------------------------------------------------------------
   245                      <       %Disable32KLF	.MACRO
   246                      <       
   247                      <       		LDA		#D_LFDisable
   248                      <       		STA		P_CLK_32768_En
   249                      <       
   250                      <       		.ENDM
   251                      <       ;-----------------------------------------------------------------------------
   252                      <       ; Macro Name:	%Enable32KLF
   253                      <       ; Description:	Enable Low Frequency
   254                      <       ;-----------------------------------------------------------------------------
   255                      <       %Enable32KLF		.MACRO
   256                      <       
   257                      <       		LDA		#D_LFEnable
   258                      <       		STA		P_CLK_32768_En
   259                      <       
   260                      <       	.ENDM		
   261                      <       ;-----------------------------------------------------------------------------
   262                      <       ; Macro Name:	%InitLCD
   263                      <       ; Description:	Initialize LCD configuration after power on
   264                      <       ;-----------------------------------------------------------------------------	
   265                      <       %InitLCD:		.MACRO
   266                      <       
   267                      <       		LDA		#(D_Duty_1_5+D_Bias_1_3+D_ScanEnable)
   268                      <       		STA		P_LCD_Ctrl		;1/11duty,1/4bias,normal scan
   269                      <       		
   270                      <       		LDA     #D_VLCD_28            ;VLCD = 4.5V (max value)
   271                      <       ;		LDA		#D_VLCD_VDD
   272                      <       		STA     P_LCD_VLCD_Ctrl
   273                      <       	
   274                      <       	.ENDM
   275                      <       ;-----------------------------------------------------------------------------
   276                      <       ; Macro Name:	%FillSram
   277                      <       ; Description:	Fill data to SRAM whole space
   278                      <       ; Input:		mData
   279                      <       ;-----------------------------------------------------------------------------	
   280                      <       %FillSram		.MACRO	mData
   281                      <       		
   282                      <       		LDA		#.LOW.(C_SramAddrStart+2)
   283                      <       		STA		C_SramAddrStart
   284                      <       		LDA		#.HIGH.(C_SramAddrStart+2)
   285                      <       		STA		C_SramAddrStart+1
   286                      <       		
   287                      <       		LDX     #0
   288                      <       ?L_FillLoop#:
   289                      <               LDA     mData
   290                      <       		STA     (C_SramAddrStart,X)
   291                      <       		
   292                      <       		LDA     C_SramAddrStart+1
   293                      <       		CMP     #.HIGH.C_SramAddrEnd
   294                      <       		BCC     ?L_IncSramAddr#
   295                      <       		LDA     C_SramAddrStart
   296                      <       		CMP     #.LOW.C_SramAddrEnd
   297                      <       		BCS     ?L_End#
   298                      <       		
   299                      <       ?L_IncSramAddr#:    ;Increase sram address
   300                      <               INC     C_SramAddrStart
   301                      <       		BNE     ?L_FillLoop#
   302                      <       		INC     C_SramAddrStart+1
   303                      <       		%WatchDogClear
   304                      <               JMP     ?L_FillLoop#
   305                      <       ?L_End#:
   306                      <               
   307                      <               LDA     mData
   308                      <               STA     C_SramAddrStart
   309                      <               STA     C_SramAddrStart+1
   310                      <               
   311                      <               LDX		#00H
   312                      <       ?L_HSRAMloop:
   313                      <       		LDA		mData
   314                      <       		STA		$180,X
   315                      <       		INX	
   316                      <       		CPX		#80H
   317                      <       		BNE		?L_HSRAMloop
   318                      <       		
   319                      <       	.ENDM
   320                      <       	
   321                      <       ;-----------------------------------------------------------------------------
   322                      <       ; Macro Name:	%ClrSRAM
   323                      <       ; Description:	Clear SRAM $60 ~ $95F
   324                      <       ;-----------------------------------------------------------------------------	
   325                      <       %ClrSRAM:	.MACRO
   326                      <       
   327                      <       		%FillSram	#0
   328                      <       
   329                      <       	.ENDM
   330                      <       ;-----------------------------------------------------------------------------
   331                      <       ;-----------------------------------------------------------------------------
   332                      <       ; Macro Name:	%FillLcdDpram
   333                      <       ; Description:	Fill LCD DPRAM $3E00 ~$3FFF
   334                      <       ;-----------------------------------------------------------------------------
   335                      <       %FillLcdDpram	.MACRO	mData
   336                      <       		
   337                      <       		%WatchDogClear
   338                      <       		LDX		#00H
   339                      <       		LDY		#00H
   340                      <       ?L_ClrDpramLoop:
   341                      <       		LDA     mData
   342                      <       		STA		$3E00,X
   343                      <       		INY
   344                      <       		CPY		#04H
   345                      <       		BNE		?L_ClrDpramLoopI
   346                      <       		LDY		#00H
   347                      <       		TXA
   348                      <       		CLC
   349                      <       		ADC		#0CH
   350                      <       		TAX
   351                      <       ?L_ClrDpramLoopI:		
   352                      <       		INX
   353                      <       		CPX		#80H
   354                      <       		BNE		?L_ClrDpramLoop
   355                      <       	.ENDM
   356                      <       ;-----------------------------------------------------------------------------
   357                      <       %F_Initinal_IO	.MACRO
   358                      <       		LDA		#00000000b		
   359                      <       		STA		P_IO_PortA_Dir
   360                      <       		LDA		#00000000b		
   361                      <       		STA		P_IO_PortA_Data	
   362                      <       		
   363                      <       		LDA		#0
   364                      <       		STA		P_IO_PortB_Attrib
   365                      <       		LDA		#00000011b		
   366                      <       		STA		P_IO_PortB_Dir
   367                      <       		LDA		#00000000b		
   368                      <       		STA		P_IO_PortB_Data		;PB1蜂鸣器，PB0背光
   369                      <       
   370                      <       		LDA		#00H
   371                      <       		STA		P_IO_PortC_Dir
   372                      <       		LDA		#00000000b
   373                      <       		STA		P_IO_PortC_Data	
   374                      <       		
   375                      <       		LDA		#00h
   376                      <       		STA		P_IO_PortD_Attrib		
   377                      <       		LDA		#00000001b		
   378                      <       		STA		P_IO_PortD_Dir
   379                      <       		STA		P_IOD_DIR_Map	
   380                      <       		LDA		#00000010b
   381                      <       		STA		P_IO_PortD_Data		
   382                      <       		STA		R_PortD_Data_Buf
   383                      <       
   384                      <       		LDA		#00000000b			;PE0/PE1/PE2 全部作为按键输入
   385                      <       		STA		P_IO_PortE_Dir
   386                      <       		LDA		#00000000b			
   387                      <       		STA		P_IO_PortE_Data		
   388                      <       		
   389                      <       		LDA		#00
   390                      <       		STA		P_IO_Ctrl			;all as normal IO
   391                      <       		.ENDM
   392                      <       ;-----------------------------------------------------------------------------
   393                      <       ; Clear watch dog
   394                      <       %WatchDogClear	 .MACRO
   395                      <       
   396                      <       	   STA	   P_WDT_Flag_Clear
   397                      <       
   398                      <       	   .ENDM
   399                      <       ;-----------------------------------------------------------------------------
   400                      <       ; Macro Name:	%ClrPage0_60H_6FH
   401                      <       ; Description:	Clear SRAM $60 ~ $7F
   402                      <       ;-----------------------------------------------------------------------------	
   403                      <       %ClrPage0_60H_6FH:	.MACRO
   404                      <       
   405                      <       		LDX		#0FH
   406                      <       		LDA		#0
   407                      <       		
   408                      <       ?L_ClrLoop#:
   409                      <       		STA		$60,X
   410                      <       		DEX
   411                      <       		BPL		?L_ClrLoop#	
   412                      <       
   413                      <       	.ENDM
   414                      <       
   415                      <       ;
   416                      <       ;%EnableRR:		.MACRO	
   417                      <       ;;RT=>PD4	RR=>PD3	
   418                      <       ;		LDA		#D_Bit4+D_Bit5
   419                      <       ;        STA		RFC_IO_Attrib
   420                      <       ;		LDA		RB_IOD_Dir_temp
   421                      <       ;		AND		#11000011b
   422                      <       ;        ORA     #D_Bit5+D_Bit4+D_Bit3
   423                      <       ;		STA		RFC_IO_Dir
   424                      <       ;		LDA		RFC_IO_Data
   425                      <       ;		ORA     #D_Bit2
   426                      <       ;		STA     RFC_IO_Data
   427                      <       ;		
   428                      <       ;	.ENDM
   429                      <       ;;------------------------
   430                      <       ;%EnableRT:		.MACRO
   431                      <       ;	
   432                      <       ;		LDA		#D_Bit5+D_Bit3
   433                      <       ;        STA		RFC_IO_Attrib
   434                      <       ;		LDA		RB_IOD_Dir_temp
   435                      <       ;		AND		#11000011b
   436                      <       ;        ORA     #D_Bit5+D_Bit4+D_Bit3
   437                      <       ;		STA		RFC_IO_Dir
   438                      <       ;		LDA		RFC_IO_Data
   439                      <       ;		ORA     #D_Bit2
   440                      <       ;		STA     RFC_IO_Data
   441                      <       ;		
   442                      <       ;	.ENDM
   443                      <       ;;===================================================
   444                      <       ;;%EnableRR:		.MACRO	
   445                      <       ;;;RT=>PD4	RR=>PD3	
   446                      <       ;;;		LDA		RB_IOD_Dir_temp
   447                      <       ;;;		LDA		#D_Bit3+D_Bit4
   448                      <       ;;		LDA		#D_Bit4
   449                      <       ;;        STA		RFC_IO_Attrib
   450                      <       ;;		LDA		RB_IOD_Dir_temp
   451                      <       ;;		AND		#11100001b
   452                      <       ;;;        ORA     #D_Bit5+D_Bit4+D_Bit3
   453                      <       ;;		ORA		#D_Bit4+D_Bit3
   454                      <       ;;		STA		RFC_IO_Dir
   455                      <       ;;		STA		RB_IOD_Dir_temp
   456                      <       ;;		LDA		RFC_IO_Data
   457                      <       ;;		AND		#11100011b
   458                      <       ;;		ORA     #D_Bit2
   459                      <       ;;		STA     RFC_IO_Data
   460                      <       ;;		
   461                      <       ;;	.ENDM
   462                      <       ;;;------------------------
   463                      <       ;;%EnableRT:		.MACRO
   464                      <       ;;	
   465                      <       ;;		LDA		#D_Bit3
   466                      <       ;;;		LDA		#D_Bit4+D_Bit5
   467                      <       ;;        STA		RFC_IO_Attrib
   468                      <       ;;		LDA		RB_IOD_Dir_temp
   469                      <       ;;		AND		#11100001b
   470                      <       ;;        ORA     #D_Bit4+D_Bit3;+D_Bit5
   471                      <       ;;		STA		RFC_IO_Dir
   472                      <       ;;		STA		RB_IOD_Dir_temp
   473                      <       ;;		LDA		RFC_IO_Data
   474                      <       ;;		AND		#11100011b
   475                      <       ;;		ORA     #D_Bit2
   476                      <       ;;		STA     RFC_IO_Data
   477                      <       ;;		
   478                      <       ;;	.ENDM
   479                      <       ;;------------------------
   480                      <       ;%EnableRH:		.MACRO
   481                      <       ;		LDA		#D_Bit3;+D_Bit5
   482                      <       ;        STA		RFC_IO_Attrib
   483                      <       ;        LDA		RB_IOD_Dir_temp
   484                      <       ;        AND		#11100001b
   485                      <       ;        ORA     #D_Bit4+D_Bit3;+D_Bit5
   486                      <       ;		STA		RFC_IO_Dir
   487                      <       ;		STA		RB_IOD_Dir_temp
   488                      <       ;		LDA		RFC_IO_Data
   489                      <       ;		AND		#11100011b
   490                      <       ;		ORA     #D_Bit2
   491                      <       ;		STA     RFC_IO_Data
   492                      <       ;	.ENDM	
   493                      <       ;==============================================
   494                      <       %SetTimerData   .MACRO  c_data
   495                      <       
   496                      <               LDA     #.LOW.c_data
   497                      <               STA     P_TIMER_TM0Data_LB
   498                      <               LDA     #.HIGH.c_data
   499                      <               STA     P_TIMER_TM0Data_HB
   500                      <               STA     P_TIMER_TM0Load_Ctrl
   501                      <               
   502                      <       	.ENDM
   503                      <       ;-----------------------------------------------------------------------------
   504                      <       ; Macro Name:	%PushAll                                                        
   505                      <       ; Description:	Push                                                          
   506                      <       ;-----------------------------------------------------------------------------
   507                      <       %PushAll:		.MACRO                                                            
   508                      <       		PHP                                                                         
   509                      <       		PHA                                                                         
   510                      <       		TXA                                                                         
   511                      <       		PHA                                                                         
   512                      <       		TYA                                                                         
   513                      <       		PHA                                                                         
   514                      <                                                                              
   515                      <       			.ENDM                                                                   
   516                      <       ;-----------------------------------------------------------------------------
   517                      <       ; Macro Name:	%PopAll                                                         
   518                      <       ; Description:	Pop                                                           
   519                      <       ;-----------------------------------------------------------------------------
   520                      <       %PopAll:		.MACRO                                                            
   521                      <                                                           
   522                      <       		PLA                                                                         
   523                      <       		TAY                                                                         
   524                      <       		PLA                                                                         
   525                      <       		TAX                                                                         
   526                      <       		PLA                                                                         
   527                      <       		PLP                                                                         
   528                      <       			.ENDM	                                
   529                      <       		
   530                      <       ;==========================================================================
   531                      <       LCDConvert		.MACRO  com,seg
   532                      <       ;			DB	com*8+(seg/8)+00H,1<<(seg.AND.07H)
   533                      <       ;			DB	(com*8+07H)-(seg/8),1<<(seg.AND.07H)	;LB25B
   534                      <       ;			DB	com*4+(seg/8)+50H,1<<(seg.AND.07H)	;L11A\B
   535                      <       ;			DB	com*6+(seg/8)+20H,1<<(seg.AND.07H)	;L31B
   536                      <       ;LCDConvert:		.Macro	com,seg
   537                      <       ;			DB	com*4+(seg/8)+A0H,1<<(seg.AND.07H)	;GPL10A
   538                      <       			DB	com*10H+(seg/8)+00H,1<<(seg.AND.07H)	;GPL813P01;
   539                      <       			
   540                      <       			.ENDM
   541                      <       			
   542                      <       %LCD7S        .MACRO   i1c,i1s,i2c,i2s,i3c,i3s,i4c,i4s,i5c,i5s,i6c,i6s,i7c,i7s
   543                      <                      LCDConvert    i1c,i1s
   544                      <                      LCDConvert    i2c,i2s
   545                      <                      LCDConvert    i3c,i3s
   546                      <                      LCDConvert    i4c,i4s
   547                      <                      LCDConvert    i5c,i5s
   548                      <                      LCDConvert    i6c,i6s
   549                      <                      LCDConvert    i7c,i7s
   550                      <                      .ENDM
   551                      <                      
   552                      <       %LCD8S:        .MACRO   i1c,i1s,i2c,i2s,i3c,i3s,i4c,i4s,i5c,i5s,i6c,i6s,i7c,i7s,i8c,i8s
   553                      <                      LCDConvert    i1c,i1s
   554                      <                      LCDConvert    i2c,i2s
   555                      <                      LCDConvert    i3c,i3s
   556                      <                      LCDConvert    i4c,i4s
   557                      <                      LCDConvert    i5c,i5s
   558                      <                      LCDConvert    i6c,i6s
   559                      <                      LCDConvert    i7c,i7s
   560                      <       		       LCDConvert    i8c,i8s
   561                      <                      .ENDM  
   562                      <                    
   563                      <       ;**********************************************************************
   564                      <       %Define_IOPort:	.Macro
   565                      <       			lda	#(PortCD0Output+PortCD1Output+PortCD2Output+PortCD3Output)
   566                      <       			sta	P_00H_Port_Ctrl
   567                      <       			lda	#03H		;D_PortCDScan
   568                      <       			sta	P_03H_PortCD_Data
   569                      <       			.ENDM	
   570                      <       
   571                      <       ;================================================================
   572                      <       ;Kind   :Count Loop
   573                      <       ;================================================================
   574                      <       ;-------------------------------------------------------------------------
   575                      <       %DJNZ:               .MACRO       Var,Lable    ;  !=0
   576                      <                             DEC          Var
   577                      <                             BNE          Lable
   578                      <                            .ENDM
   579                              .INCLUDE	KEY\KEY.inc
   580                      <       
   581                      <       ;===================================================
   582                      <       ;			RAM Define
   583                      <       ;====================================================
   584                      <       .EXTERN		R_Set
   585                      <       D_SetConver		equ	02h
   586                      <       D_SetTimeHour	equ	04h
   587                      <       D_SetTimeMin	equ	08h
   588                      <       D_SetTimeMax	equ	10h
   589                      <       
   590                      <       ;D_SetAConver	equ	02h
   591                      <       D_SetAlarmHour	equ	02h
   592                      <       D_SetAlarmMin	equ	04h
   593                      <       D_SetAlarmMax	equ	08h
   594                      <       
   595                      <       D_SetDateYear	equ	02h
   596                      <       D_SetDateMonth	equ	04h
   597                      <       D_SetDateDay	equ	08h
   598                      <       D_SetDateMax	equ	10h
   599                      <       
   600                      <       D_SetHour	equ	02h
   601                      <       D_SetMin	equ	04h
   602                      <       D_SetMax	equ	08h
   603                      <       
   604                      <       
   605                      <       .EXTERN		R_KeyFlag
   606                      <       D_KeyTone		equ	01h
   607                      <       D_EnableFastAdd	equ	02h		
   608                      <       D_EnableAlarm	equ	04h
   609                      <       D_EnableSnooze	equ	08h
   610                      <       D_KeyRelDis		equ	10h
   611                      <       D_ToneOn		equ	20h
   612                      <       D_Alarming		equ	40h
   613                      <       D_24Mode		equ	80h		;must for bit7/24mode
   614                      <       	
   615                      <       .EXTERN		INT_PlayPWM	
   616                      <       .EXTERN		R_LEDFlag	
   617                      <       D_LED_ON		equ		0x08
   618                      <       
   619                      <       .EXTERN		R_BLTime
   620                      <       D_5SecBL			equ	10
   621                      <       D_2SecBL			equ	4
   622                      <       
   623                      <       .EXTERN		R_KeyValue		
   624                      <       .EXTERN		R_KeyTemp		
   625                      <       ;.EXTERN		R_SpecFlag		
   626                      <       	
   627                      <       .EXTERN		R_SetBack					
   628                      <       .EXTERN		R_OldKeyValue
   629                      <       D_KeyFcClear		equ		0x01
   630                      <       D_KeyAllTime		equ		0x02
   631                      <       D_KeyLight			equ		0x04
   632                      <       D_KeyUnused		equ		0x08
   633                      <       .EXTERN		R_DebounceCnt	
   634                      <       C_KeyDebounce		equ		2		;30ms 
   635                      <       	
   636                      <       .EXTERN		R_LEDTemp	
   637                      <       .EXTERN		F_Check_LED
   638                      <       
   639                      <       	
   640                      <       ;.EXTERN		R_SleepTime
   641                      <       C_Sleep20Sec			equ 	40	;120/2=60sec
   642                      <       	
   643                      <       .EXTERN		R_LongKeyTime
   644                      <       C_LongKey2Sec			equ		255
   645                      <       C_FastAdd				equ		24		;1秒加8次
   646                      <       	
   647                      <       .EXTERN			R_KeyFlag1	
   648                      <       D_TimeFlag			equ		01h
   649                      <       D_Timering_Short	equ		02H
   650                      <       D_NoKeyTone			equ		04H
   651                      <       D_DC				equ		08H
   652                      <       D_EnableSnooze1		equ		10h
   653                      <       ;===================================================
   654                      <       ;			Module Define
   655                      <       ;====================================================
   656                      <       .EXTERN	        F_KeyScan	
   657                      <       .EXTERN			InitLED
   658                      <       .EXTERN			F_PlayKeyTone
   659                      <       .EXTERN			F_2Hz_Cnt
   660                      <       .EXTERN			F_initSet
   661                      <       
   662                      <       .EXTERN			F_DC_Judge	
   663                      <       .EXTERN		F_backlightOpen
   664                              .INCLUDE	Alarm\Alarm.inc
   665                      <       
   666                      <       ;===================================================
   667                      <       ;			RAM Define
   668                      <       ;====================================================
   669                      <       .EXTERN		F_JudgeRFC
   670                      <       .EXTERN		F_UpdateTHFromGXHTV4
   671                      <       .EXTERN		F_CheckLowBattery
   672                      <       
   673                      <       .EXTERN		CalculateRFC    
   674                      <       
   675                      <       .EXTERN		R_TempCH
   676                      <       .EXTERN		R_TempCL
   677                      <       .EXTERN		R_HUM
   678                      <       	
   679                      <       ;.EXTERN			R_PortD_Data_Buf
   680                      <       ;===================================================
   681                      <       ;			Module Define
   682                      <       ;====================================================
   683                      <       .EXTERN		R_KeyToneTm
   684                      <       .EXTERN		R_SoundOn
   685                      <       
   686                      <       .EXTERN		R_BatteryFlags
   687                      <       D_BatteryLow		equ	0x01
   688                      <       
   689                      <       .EXTERN		R_TrendFlags
   690                      <       D_TrendInit		equ	0x01
   691                      <       D_TrendTempUp		equ	0x02
   692                      <       D_TrendTempDown		equ	0x04
   693                      <       D_TrendTempRefresh	equ	0x08
   694                      <       D_TrendHumUp		equ	0x10
   695                      <       D_TrendHumDown		equ	0x20
   696                      <       D_TrendHumRefresh	equ	0x40
   697                      <       
   698                      <       
   699                      <       .EXTERN		R_SpecFlag	
   700                      <       .EXTERN		R_TempMin_Sign
   701                      <       .EXTERN		R_TempMax_Sign	
   702                      <       D_TempHH			equ	0x40
   703                      <       D_TempLL			equ	0x20
   704                      <       D_Neg				equ 0x10	;负温度
   705                      <       D_TF				equ 0x08	;华氏度
   706                      <       D_HumHH				equ	0x04
   707                      <       D_HumLL				equ	0x02
   708                      <       .EXTERN		R_DispTemper_F	
   709                      <       .EXTERN		R_MAXDispTemper_F
   710                      <       .EXTERN		R_MINDispTemper_F	
   711                      <       .EXTERN		R_DispTemper
   712                      <       .EXTERN		R_TempMax          ; 最高温度记录(BCD码，带符号)
   713                      <       .EXTERN		R_TempMin          ; 最低温度记录(BCD码，带符号)
   714                      <       .EXTERN		R_DispHum		
   715                      <       .EXTERN		R_HumMax       ; 最高湿度记录(BCD码，无符号)
   716                      <       .EXTERN		R_HumMin       ; 最低湿度记录(BCD码，无符号)
   717                      <       .EXTERN		R_TempFlag1		
   718                      <       D_MaxTemp		equ	0x01
   719                      <       D_MinTemp		equ	0x02
   720                      <       
   721                      <       ;.EXTERN		RFC_Process_Flag	
   722                              ;.INCLUDE	RFC\RFC.inc
   723                              ;==============================================================================
   724                              ; Public declare area
   725                              ;==============================================================================
   726                              .PUBLIC			F_ResetRealTimeClock
   727                              .PUBLIC			F_RealTimeClock
   728                              .PUBLIC			F_ClearIncStatus
   729                              .PUBLIC			INC_SEC	
   730                              .PUBLIC			INC_MIN  
   731                              .PUBLIC			INC_MIN1
   732                              .PUBLIC			INC_MIN2
   733                              .PUBLIC			INC_HR 
   734                              .PUBLIC			INC_HR1
   735                              .PUBLIC			INC_HR2		;x for RAM, a for Max 
   736                              .PUBLIC			R_TimeStatus
   737                              .PUBLIC			RTC
   738                              ;==========================================
   739                              ; Constant define area
   740                              ;==========================================
   741                              ;YearMonthDate	        EQU	    1			 ;define year month date enable 		
   742                              	
   743                              ;------------------------------------------------------------------------------
   744 00000083                     .PAGE0
   745                              ;
   746 00000083 FF FF FF            RTC		             .DS	 3
   747                              	; RTC+0 --> Hour (BCD)
   748                              	; RTC+1 --> Minute (BCD)
   749                              	; RTC+2 --> Second (BCD)
   750                              	;  -------------------------------------------
   751                              	; |             | RTC+0   | RTC+1   | RTC+2   |
   752                              	; |-------------|---------|---------|---------|
   753                              	; | Description | Hour    | Minute  | Second  |
   754                              	; |	            | 00 - 23 | 00 - 59 | 00 - 59 |        
   755                              	; |		        | (BCD)   | (BCD)   | (BCD)   |         |
   756                              	;  -------------------------------------------
   757                              ;
   758 00000086 FF                  R_TimeStatus	    .DS	    1       ;(.7 reserved!!!)
   759                              HalfSecToggle			EQU		01000000B
   760                              AddSecondOnly			EQU		00100000B
   761                              AddOthers				EQU		00010000B
   762 00000087 FF                  TR00				.DS	    1
   763 00000088 FF                  TR01				.DS		1
   764                              ;------------------------------------------------------------------------------
   765 0000E231                     .CODE
   766                              ;==============================================================================
   767 0000E231                     F_RealTimeClock:	;Level 1
   768 0000E231 A9 40               	LDA	#HalfSecToggle
   769 0000E233 45 86               	EOR	R_TimeStatus
   770 0000E235 85 86               	STA	R_TimeStatus
   771 0000E237 29 40               	AND	#HalfSecToggle
   772 0000E239 D0 19               	BNE	L_Time99	; 0.5 second only!!!
   773                              ;	1 second!!!
   774 0000E23B 20 6D E2            	JSR	INC_SEC	;Level 2  
   775 0000E23E 90 0E               	BCC	L_OnlySEcAdd
   776                              
   777 0000E240 20 72 E2            	JSR	INC_MIN	;Level 2
   778 0000E243 90 05               	BCC	L_OnlyMinAdd
   779                              	
   780                              	
   781 0000E245 20 7F E2            	JSR	INC_HR	;Level 2
   782                              	; 28规格当前产品只消费时分秒与 AddOthers 标志，不再读 DATE/星期。
   783                              	; 旧时钟产品的日期进位链先屏蔽保留，避免继续维护未使用状态。
   784 0000E248 90 00               	BCC	L_OnlyHourAdd
   785                              	; JSR	INC_DAT	;Level 3
   786                              	; BCC	L_Time01
   787                              	; JSR	INC_MON	;Level 2
   788                              	; BCC	L_Time01
   789                              	; JSR	INC_YER	;Level 2
   790 0000E24A                     L_Time01:
   791                              	; JSR	WEEKCAL	;Level 3
   792                              	; JSR	MAXDCMP	;Level 3
   793 0000E24A                     L_OnlyHourAdd:
   794 0000E24A                     L_OnlyMinAdd:	
   795 0000E24A A9 10               	LDA	#AddOthers
   796 0000E24C D0 02               	BNE	L_AddAll	;@JMP
   797 0000E24E                     L_OnlySEcAdd:
   798 0000E24E A9 20               	LDA	#AddSecondOnly
   799 0000E250                     L_AddAll:
   800 0000E250 05 86               	ORA	R_TimeStatus
   801 0000E252 85 86               	STA	R_TimeStatus
   802 0000E254                     L_Time99:
   803 0000E254 60                  	RTS
   804                              ;
   805                              ;------------------------------------------------------------------------------
   806                              ;
   807 0000E255                     F_ClearIncStatus:
   808 0000E255 A9 CF               	LDA	#(.NOT.(AddSecondOnly+AddOthers))
   809 0000E257 25 86               	AND	R_TimeStatus
   810 0000E259 85 86               	STA	R_TimeStatus
   811 0000E25B 60                  	RTS
   812                              ;
   813                              ;------------------------------------------------------------------------------
   814                              ;
   815 0000E25C                     F_ResetRealTimeClock:          ;开机显示初值(默认值)
   816 0000E25C A9 00               	LDA	#00H
   817 0000E25E 85 83               	STA	RTC+0
   818 0000E260 A9 00               	LDA	#00H
   819 0000E262 85 84               	STA	RTC+1
   820 0000E264 A9 00               	LDA	#00H		;test use
   821 0000E266 85 85               	STA	RTC+2	
   822 0000E268 A9 10               	LDA	#AddOthers
   823 0000E26A 85 86               	STA	R_TimeStatus
   824 0000E26C 60                  	RTS
   825                              
   826 0000E26D                     INC_SEC:
   827 0000E26D A2 85               	LDX	#RTC+2   ;second
   828 0000E26F 4C 74 E2            	JMP	INC_MIN1
   829 0000E272                     INC_MIN:
   830 0000E272 A2 84               	LDX	#RTC+1   ;Minute
   831 0000E274                     INC_MIN1:
   832 0000E274 A9 59               	LDA	#59H
   833 0000E276 85 88               	STA	TR01
   834 0000E278                     INC_MIN2:
   835 0000E278 A9 00               	LDA	#00
   836 0000E27A 85 87               	STA	TR00
   837 0000E27C 4C 88 E2            	JMP	INC_DET
   838                              ;
   839 0000E27F                     INC_HR:
   840 0000E27F A2 83               	LDX	#RTC+0
   841 0000E281                     INC_HR1:
   842 0000E281 A9 23               	LDA	#23H
   843 0000E283                     INC_HR2:
   844 0000E283 85 88               	STA	TR01
   845 0000E285 4C 78 E2            	JMP	INC_MIN2
   846 0000E288                     INC_DET:
   847 0000E288 A5 86               	LDA	R_TimeStatus
   848 0000E28A 30 13               	BMI	DEC_DET
   849 0000E28C B5 00               	LDA	0,X
   850 0000E28E C5 88               	CMP	TR01
   851 0000E290 B0 07               	BCS	INC_D01
   852 0000E292 A9 01               	LDA	#01
   853 0000E294 85 87               	STA	TR00
   854 0000E296 4C B1 E2            	JMP	ADC_RT
   855 0000E299                     INC_D01:
   856 0000E299 A5 87               	LDA	TR00
   857 0000E29B                     INC_D02:
   858 0000E29B 95 00               	STA	0,X
   859 0000E29D 38                  	SEC
   860 0000E29E 60                  	RTS
   861                              ;
   862 0000E29F                     DEC_DET:
   863 0000E29F B5 00               	LDA	0,X
   864 0000E2A1 C5 87               	CMP	TR00
   865 0000E2A3 F0 07               	BEQ	DEC_D01
   866 0000E2A5 A9 99               	LDA	#99H
   867 0000E2A7 85 87               	STA	TR00
   868 0000E2A9 4C B1 E2            	JMP	ADC_RT
   869 0000E2AC                     DEC_D01:
   870 0000E2AC A5 88               	LDA	TR01
   871 0000E2AE 4C 9B E2            	JMP	INC_D02
   872                              ;
   873                              ; Use:	TR00 - variable
   874                              ;	TR01 - (X)
   875                              ;	(X) = TR01+TR00
   876 0000E2B1                     ADC_RT:
   877 0000E2B1 18                  	CLC
   878 0000E2B2 B5 00               	LDA	0,X
   879 0000E2B4 85 88               	STA	TR01
   880 0000E2B6 29 0F               	AND	#00001111B
   881 0000E2B8 65 87               	ADC	TR00
   882 0000E2BA 69 06               	ADC	#6
   883 0000E2BC 45 87               	EOR	TR00
   884 0000E2BE 29 F0               	AND	#11110000B
   885 0000E2C0 F0 02               	BEQ	L_TimeAdd01
   886 0000E2C2 A9 06               	LDA	#6
   887 0000E2C4                     L_TimeAdd01:
   888 0000E2C4 65 87               	ADC	TR00
   889 0000E2C6 65 88               	ADC	TR01
   890 0000E2C8 B0 04               	BCS	L_TimeAdd02
   891 0000E2CA C9 9A               	CMP	#9AH
   892 0000E2CC 90 02               	BCC	L_TimeAdd03
   893 0000E2CE                     L_TimeAdd02:
   894 0000E2CE 69 5F               	ADC	#05FH
   895 0000E2D0                     L_TimeAdd03:
   896 0000E2D0 95 00               	STA	0,X
   897 0000E2D2 18                  	CLC
   898 0000E2D3 60                  	RTS
   899                              .END	
0 Error(s), 0 Warning(s).

