        Generalplus 6502 Assembler - Version 1.7.1.0  


     1                              ;==================================================================================
     2                              ; The information contained herein is the exclusive property of
     3                              ; Generalplus Technology Co. And shall not be distributed, reproduced,
     4                              ; or disclosed in whole in part without prior written permission.
     5                              ;       (C) COPYRIGHT 2017   Generalplus TECHNOLOGY CO.                            
     6                              ;                   ALL RIGHTS RESERVED
     7                              ; The entire notice above must be reproduced on all authorized copies.
     8                              ;==================================================================================
     9                              ;==================================================================================
    10                              ; Name                  : INT_VEC.asm
    11                              ; Applied Body          : GPL813X
    12                              ; Programmer            : 
    13                              ; Description           : Interrupt vector declare and service routine
    14                              ; History version       : 
    15                              ;==================================================================================
    16                              
    17                              ;==========================================
    18                              ; Compiler parameter define
    19                              ;==========================================
    20                              .SYNTAX 6502
    21                              .LINKLIST
    22                              .SYMBOLS
    23                              
    24                              ;==========================================
    25                              ; Constant define area
    26                              ;==========================================
    27                              
    28                              
    29                              
    30                              ;==========================================
    31                              ; Include file area
    32                              ;==========================================
    33                              .INCLUDE		GPL813x.inc
    34                      <       	.IFDEF		GPL813_SERIES
    35                      <       
    36                      <       ;---------------------------------
    37                      <       GPL813P01Cx		.EQU		1
    38                      <       ;---------------------------------
    39                      <       
    40                      <       .IFNDEF GPL813X_Body_inc
    41                      <       GPL813X_Body_inc:   .EQU    1
    42                      <       ;==================================================================================
    43                      <       ; The information contained herein is the exclusive property of
    44                      <       ; Generalplus Technology Co. And shall not be distributed, reproduced,
    45                      <       ; or disclosed in whole in part without prior written permission.
    46                      <       ;       (C) COPYRIGHT 2017   Generalplus TECHNOLOGY CO.                            
    47                      <       ;                   ALL RIGHTS RESERVED
    48                      <       ; The entire notice above must be reproduced on all authorized copies.
    49                      <       ;==================================================================================
    50                      <       ;==================================================================================
    51                      <       ; Program Name: GPL813 series register declare
    52                      <       ; Applied body: GPL813 series
    53                      <       ; Programmer  : KenLiu
    54                      <       ; Description : 
    55                      <       ;             : 
    56                      <       ; History version
    57                      <       ; Rev #       Date          Who            Comments
    58                      <       ; -------  -----------    --------         ----------------------------------------
    59                      <       ;==================================================================================
    60                      <       ;==================================================================================
    61                      <       
    62                      <       		.IFNDEF	GPL813P01Ax
    63                      <       		GPL813P01Ax: 	.EQU		0
    64                      <       		.ENDIF
    65                      <       		.IFNDEF	GPL813P01Bx
    66                      <       		GPL813P01Bx: 	.EQU		0
    67                      <       		.ENDIF
    68                      <       		.IFNDEF	GPL813P01Cx
    69                      <       		GPL813P01Cx: 	.EQU		0
    70                      <       		.ENDIF
    71                      <        	 
    72                      <       .IF (GPL813P01Ax)
    73                      <       GPL813X		.EQU		1
    74                      <       .ENDIF
    75                      <       .IF (GPL813P01Bx)
    76                      <       GPL813X		.EQU		1
    77                      <       .ENDIF
    78                      <       .IF (GPL813P01Cx)
    79                      <       GPL813X		.EQU		1
    80                      <       .ENDIF
    81                      <       			.IFDEF	GPL813X
    82 00000000             <       		.PAGE0
    83                      <             
    84                      <       ;===================  IO Register  ===================
    85                      <       P_IO_PortA_Dir:     		.EQU	$00
    86                      <       P_IO_PortA_Data:			.EQU	$02
    87                      <       		
    88                      <       P_IO_PortB_Dir:				.EQU	$10
    89                      <       P_IO_PortB_Data:			.EQU	$12	
    90                      <       P_IO_PortB_Attrib:			.EQU	$14
    91                      <       
    92                      <       P_IO_PortC_Dir:     		.EQU	$01
    93                      <       P_IO_PortC_Data:			.EQU	$05
    94                      <       P_IO_PortE_Data:     		.EQU	$03
    95                      <       P_IO_PortE_DataLatch:		.EQU	$04
    96                      <       
    97                      <       P_IO_Ctrl:    			    .EQU	$06
    98                      <       P_IO_PortE_Dir:				.EQU	$0B
    99                      <       P_IO_PortD_Attrib			.EQU	$15
   100                      <       P_IO_PortD_Dir				.EQU	$11
   101                      <       P_IO_PortD_Data				.EQU	$13
   102                      <       
   103                      <       ;==============  Sleep/Wakeup Register  ==============
   104                      <       P_WAKEUP_Ctrl:			    .EQU	$08
   105                      <        D_WakeupTimer1:				.EQU	00100000B
   106                      <        D_WakeupTimer0:				.EQU	00010000B
   107                      <        D_WakeupTMBB:					.EQU	00001000B
   108                      <        D_Wakeup128Hz:					.EQU	00000100B
   109                      <        D_WakeupTMBA:					.EQU	00000010B
   110                      <        D_WakeupKey:					.EQU	00000001B
   111                      <        
   112                      <       P_SYSTEM_Ctrl:			    .EQU	$09
   113                      <       
   114                      <       ;=================  Timer Register  ==================
   115                      <       P_TIMER_TimeBase_Sel:		.EQU	$0A
   116                      <       P_TIMER_Timer0_Ctrl:		.EQU	$22
   117                      <        D_TimerEn:						.EQU	10000000B
   118                      <        D_TimerRiseEdge:				.EQU	00000000B
   119                      <        D_TimerFallEdge:				.EQU	01000000B
   120                      <        D_TimerSrcExtA:				.EQU	00000000B
   121                      <        D_TimerSrcExtA2:				.EQU	00100000B
   122                      <        D_TimerSrcA_HF:				.EQU	00000000B
   123                      <        D_TimerSrcA_HFDIV:				.EQU	00000001B
   124                      <        D_TimerSrcA_EXT:				.EQU	00000010B
   125                      <        D_TimerSrcA_VDD:				.EQU	00000011B
   126                      <        D_TimerSrcB_LF:				.EQU	00000000B
   127                      <        D_TimerSrcB_TMX:				.EQU	00000100B
   128                      <        D_TimerSrcB_EXTA:				.EQU	00001000B
   129                      <        D_TimerSrcB_VDD:				.EQU	00001100B
   130                      <       P_TIMER_TM0Data_LB:			.EQU	$20
   131                      <       P_TIMER_TM0Data_HB:			.EQU	$21
   132                      <       P_TIMER_TM0Load_Ctrl:		.EQU	$23
   133                      <       
   134                      <       P_TIMER_TM1Data:			.EQU	$25
   135                      <       P_TIMER_Timer1_Ctrl:		.EQU	$26
   136                      <        D_Timer1En:					.EQU	10000000B
   137                      <        D_Timer1_LSCK:					.EQU	00000000B
   138                      <        D_Timer1_TMBB:					.EQU	00000001B 
   139                      <        D_Timer1_HSCK:					.EQU	00000010B 
   140                      <        D_Timer1_HFDIV:				.EQU	00000011B
   141                      <       P_TIMER_TM1Load_Ctrl:		.EQU	$27
   142                      <       
   143                      <       ;==============  CPU & Clock Register  ===============
   144                      <       P_CLK_CPU_Ctrl:				.EQU	$18
   145                      <        D_RCHF_Msk:					.EQU	11100000B
   146                      <        D_RCHF225K:					.EQU	00000000B;225k
   147                      <        D_RCHF500K:					.EQU	01000000B;500k
   148                      <        D_RCHF1800K:					.EQU	10000000B;1800k
   149                      <        D_RCHF1000K:					.EQU	11000000B;1000k
   150                      <        D_RCHF4000K:					.EQU	00100000B;4000k
   151                      <        
   152                      <        D_CPU_Msk:						.EQU	00000111B
   153                      <        D_CPU_HF:						.EQU	00000000B;HF
   154                      <        D_CPU_HF2:						.EQU	00000001B;HF/2
   155                      <        D_CPU_HF4:						.EQU	00000010B;HF/4
   156                      <        D_CPU_HF8:						.EQU	00000011B;HF/8
   157                      <        D_CPU_HF16:					.EQU	00000100B;HF/16
   158                      <       P_CLK_HFDIV_Ctrl:			.EQU	$1A
   159                      <       P_CLK_32768_En:				.EQU	$0C
   160                      <        D_LFEnable:					.EQU	00000000B 
   161                      <        D_LFDisable:					.EQU	10000000B
   162                      <        D_X32K_WEAK:					.EQU	00000100B
   163                      <        D_X32K_STRO:					.EQU	00000010B
   164                      <        D_CAP_EN:						.EQU	00000001B ;With internal CAP
   165                      <        D_CAP_DIS:						.EQU	00000000B ;With external CAP
   166                      <       ; D_256TMX_En:                   .EQU	00100000B
   167                      <       
   168                      <       ;=================  INT/NMI Register  ================
   169                      <       P_INT_Ctrl:					.EQU	$0D
   170                      <        D_IntMask:						.EQU	11111111B
   171                      <        D_Ext2Int:						.EQU	10000000B
   172                      <        D_LvdInt:						.EQU	01000000B
   173                      <        D_Timer0Int:					.EQU	00100000B
   174                      <        D_TMBBInt:						.EQU	00010000B
   175                      <        D_TMBAInt:						.EQU	00001000B
   176                      <        D_128HzInt:					.EQU	00000100B
   177                      <        D_2KHzInt:						.EQU	00000010B
   178                      <        D_ExtInt:						.EQU	00000001B
   179                      <        
   180                      <       P_INT_2KHz_Clear:			.EQU	$41
   181                      <       P_INT_128Hz_Clear:			.EQU	$42
   182                      <       P_INT_TimeBaseA_Clear:		.EQU	$43
   183                      <       P_INT_TimeBaseB_Clear:		.EQU	$44
   184                      <       
   185                      <       P_INT_Timer0_Clear:			.EQU	$45
   186                      <       P_INT_Ext_Clear:			.EQU	$40
   187                      <       
   188                      <       P_INT_Ctrl2:				.EQU	$2D
   189                      <        D_Int2Mask:             		.EQU	00000011B
   190                      <        D_Timer1Int:    				.EQU	00000001B
   191                      <       P_INT_Ext2_Clear:			.EQU	$47			
   192                      <       P_INT_Timer1_Clear:			.EQU	$48
   193                      <       
   194                      <       ;===================  LCD Register  ==================
   195                      <       P_LCD_Ctrl:					.EQU	$07
   196                      <        D_LcdConfigMask:       		.EQU	11111101B
   197                      <        D_Duty_1_8:					.EQU	10001000B
   198                      <        D_Duty_1_6:					.EQU	11001000B
   199                      <        D_Duty_1_5:					.EQU	00000100B
   200                      <        D_Duty_1_4:   					.EQU	01000100B
   201                      <        D_Duty_1_3:					.EQU	10000100B
   202                      <        
   203                      <        D_Bias_1_4:					.EQU	00000000B
   204                      <        D_Bias_1_3:					.EQU	00100000B
   205                      <        D_Bias_1_2:					.EQU	00010000B
   206                      <        D_ScanEnable:					.EQU	00000001B
   207                      <       P_LCD_VLCD_Ctrl:			.EQU	$19
   208                      <        D_Halt_Normal:					.EQU	00110000B
   209                      <        D_Halt_Green:					.EQU	00100000B
   210                      <        D_VLCD_28:						.EQU	00000000B
   211                      <        D_VLCD_30:						.EQU	00000001B
   212                      <        D_VLCD_33:						.EQU	00000010B
   213                      <        D_VLCD_VDD:					.EQU	00000011B
   214                      <       ;===============   Watch Dog Register  ===============
   215                      <       P_WDT_Flag_Clear:			.EQU	$0F
   216                      <       
   217                      <       ;==================  Reset Register  ==================
   218                      <       P_Reset_Status:			.EQU	$0E
   219                      <        D_FlagC:						.EQU	00000001B;Reset in normal mode
   220                      <        D_FlagON:						.EQU	00000010B;Reset in standby mode
   221                      <        
   222                      <       ;==================  AUDIO Register  =================
   223                      <       ; Buzzer Output Control (PD[1:0] is buzzer output)
   224                      <       P_AUDIO_BZ_Ctrl:			.EQU	$16
   225                      <        D_C32KOUT:						.EQU	10000000B
   226                      <        D_Buzzer1:						.EQU	00000010B
   227                      <        D_Buzzer0:						.EQU	00000001B
   228                      <       
   229                      <       ;==================  LVD Register  ===================
   230                      <       P_LVD_Ctrl:					.EQU	$1B
   231                      <        D_LVD_State:					.EQU	00000001B
   232                      <        D_LVD_22:						.EQU	00000000B
   233                      <        D_LVD_24:						.EQU	01000000B
   234                      <        D_LVD_27:						.EQU	10000001B
   235                      <        D_LVD_33:						.EQU	11000001B
   236                      <       P_INT_LVD_Clear:			.EQU	$46
   237                      <       
   238                      <       ;================  RFC Control Register  ==============
   239                      <       P_RFC_Ctrl:					.EQU	$17
   240                      <        D_EXT1EDG:						.EQU	10000000B
   241                      <        D_EXT2EDG:						.EQU	01000000B
   242                      <        D_RFCEN:						.EQU	00000001B
   243                      <       ;=================  PWM Register  =====================
   244                      <       P_PWMIO_Ctrl:				.EQU	$3030
   245                      <       P_PWMIO_IO0_DUTY:			.EQU	$3032
   246                      <       P_PWMIO_IO1_DUTY:			.EQU	$3033
   247                      <       P_PWMIO_IO2_DUTY:			.EQU	$3034
   248                      <       P_PWMIO_IO3_DUTY:			.EQU	$3035
   249                      <       
   250                      <       ;**********************************************************************
   251                      <       ;ROM Checksum
   252                      <       ;**********************************************************************
   253                      <       ;.IF (GPL813P01Ax+GPL813P01Bx+GPL813P01Cx)
   254                      <       ;	D_BankNum:						.EQU	1	
   255                      <       ;.ENDIF
   256                      <       
   257                      <       	D_Bank0UserRomStartAddr:		.EQU	0xE000		;0x4800 ~ 0x7FDF:User ROM Code
   258                      <       	D_Bank0UserRomEndAddr:			.EQU	0xFFDF
   259                      <       	D_NMIandResetVectorStartAddr:	.EQU	0xFFFC		;0xFFF8 ~ 0xFFF9:User ROM Code, 0xFFFA ~ 0xFFFF:NMI & Reset & IRQ vector
   260                      <       	D_NMIandResetVectorEndAddr:		.EQU	0xFFFF
   261                      <       
   262                      <       ; ========================================================================================
   263                      <       ; Macro Name	: M_UserRomChecksum
   264                      <       ; Parameters	: None
   265                      <       ; Return Value	: R_ChecksumResult: bit[7:0]
   266                      <       ;				: R_ChecksumResult + 1: bit[15:8]
   267                      <       ;				: R_ChecksumResult + 2: bit[23:16]
   268                      <       ;				: R_ChecksumResult + 3: bit[31:24]
   269                      <       ; Description	: Calculate user ROM area code checksum
   270                      <       ; Destroy		: A, Y
   271                      <       ; Example		: %M_UserRomChecksum	R_ChecksumAddrPtr, R_ChecksumResult
   272                      <       ; ========================================================================================	
   273                      <       %M_UserRomChecksum:	.MACRO	R_ChecksumAddrPtr, R_ChecksumResult
   274                      <       	
   275                      <       	LDA		#0
   276                      <       	STA		R_ChecksumResult						;Result Byte0
   277                      <       	STA		R_ChecksumResult + 1				;Result Byte1
   278                      <       	STA		R_ChecksumResult + 2				;Result Byte2
   279                      <       	STA		R_ChecksumResult + 3				;Result Byte3
   280                      <       ;=================== Bank 0 ==================================================	
   281                      <       	LDA		#.HIGH.D_Bank0UserRomStartAddr
   282                      <       	STA		R_ChecksumAddrPtr + 1				;Start High Byte
   283                      <       	LDA		#.LOW.D_Bank0UserRomStartAddr
   284                      <       	STA		R_ChecksumAddrPtr						;Start Low Byte
   285                      <       		
   286                      <       	LDY		#0	
   287                      <       
   288                      <       L_ChecksumLoop1?
   289                      <       	STA		P_WDT_Flag_Clear	
   290                      <       	CLC
   291                      <       	LDA		(R_ChecksumAddrPtr),Y
   292                      <       	ADC		R_ChecksumResult						;Result Low Byte
   293                      <       	STA		R_ChecksumResult						;Result Low Byte
   294                      <       	BCC		L_CheckAddress1?
   295                      <       	INC		R_ChecksumResult + 1				;Result Byte1
   296                      <       	BNE		L_CheckAddress1?
   297                      <       	INC		R_ChecksumResult + 2				;Result Byte3
   298                      <       	BNE		L_CheckAddress1?
   299                      <       	INC		R_ChecksumResult + 3				;Result Byte4
   300                      <       		
   301                      <       L_CheckAddress1?:
   302                      <       	LDA		R_ChecksumAddrPtr + 1				;Address Pointer HB
   303                      <       	CMP		#.HIGH.D_Bank0UserRomEndAddr		;End High Byte
   304                      <       	BNE		L_IncreaseAdd1?
   305                      <       	
   306                      <       	LDA		R_ChecksumAddrPtr						;Address Pointer LB
   307                      <       	CMP		#.LOW.D_Bank0UserRomEndAddr			;End Low Byte
   308                      <       	BEQ		L_ExitRomSum1?
   309                      <       	
   310                      <       L_IncreaseAdd1?:
   311                      <       	INC		R_ChecksumAddrPtr						;Address Pointer LB
   312                      <       	BNE		L_ChecksumLoop1?
   313                      <       	INC		R_ChecksumAddrPtr + 1				;Address Pointer HB
   314                      <       	JMP		L_ChecksumLoop1?	
   315                      <       		
   316                      <       L_ExitRomSum1?:	
   317                      <       
   318                      <       ;===================NMI & Reset Vector==================================================		
   319                      <       	LDA		#.HIGH.D_NMIandResetVectorStartAddr
   320                      <       	STA		R_ChecksumAddrPtr + 1				; Start High Byte
   321                      <       	LDA		#.LOW.D_NMIandResetVectorStartAddr
   322                      <       	STA		R_ChecksumAddrPtr						;Start Low Byte
   323                      <       		
   324                      <       L_ChecksumLoop2?
   325                      <       	STA		P_WDT_Flag_Clear		
   326                      <       	CLC
   327                      <       	LDA		(R_ChecksumAddrPtr),Y
   328                      <       	ADC		R_ChecksumResult						;Result Low Byte
   329                      <       	STA		R_ChecksumResult						;Result Low Byte
   330                      <       	BCC		L_CheckAddress2?
   331                      <       	INC		R_ChecksumResult + 1				;Result Byte2
   332                      <       	BNE		L_CheckAddress2?
   333                      <       	INC		R_ChecksumResult + 2				;Result Byte3
   334                      <       	BNE		L_CheckAddress2?
   335                      <       	INC		R_ChecksumResult + 3				;Result Byte4
   336                      <       		
   337                      <       L_CheckAddress2?:
   338                      <       	LDA		R_ChecksumAddrPtr + 1				;Address Pointer HB
   339                      <       	CMP		#.HIGH.D_NMIandResetVectorEndAddr	;End High Byte
   340                      <       	BNE		L_IncreaseAdd2?
   341                      <       	
   342                      <       	LDA		R_ChecksumAddrPtr						;Address Pointer LB
   343                      <       	CMP		#.LOW.D_NMIandResetVectorEndAddr	;End Low Byte
   344                      <       	BEQ		L_ExitRomSum2?
   345                      <       	
   346                      <       L_IncreaseAdd2?:
   347                      <       	INC		R_ChecksumAddrPtr						;Address Pointer LB
   348                      <       	BNE		L_ChecksumLoop2?
   349                      <       	INC		R_ChecksumAddrPtr + 1				;Address Pointer HB
   350                      <       	JMP		L_ChecksumLoop2?	
   351                      <       		
   352                      <       L_ExitRomSum2?:	
   353                      <       ;;=====================Bank area================================================		
   354                      <       	
   355                      <       	.ENDM
   356                      <       ;================================================================================
   357                      <       
   358                      <       			.ENDIF
   359                      <       .ENDIF
   360                      <       	.ENDIF
   361                      <       	
   362                              .INCLUDE		SYS\Project.inc
   363                      <       
   364                      <       ;===================================================
   365                      <       ;			RAM Define
   366                      <       ;====================================================
   367                      <       .EXTERN		R_2Hz 
   368                      <       .EXTERN		R_128Hz
   369                      <       .EXTERN		R_INTFlag
   370                      <       .EXTERN		F_2HzWakeUp
   371                      <       .EXTERN		Wait1_2Sec
   372                      <       .EXTERN		power_1
   373                      <       ;.EXTERN		IOD_Attmap	
   374                      <       ;.EXTERN		IOD_Dirmap	
   375                      <       ;.EXTERN		IOD_Datmap	
   376                      <       ;===================================================
   377                      <       ;			Module Define
   378                      <       ;====================================================
   379                      <       .extern	        V_RESET	
   380                      <       .extern			L_PowerOn
   381                      <       ;====================================================
   382                      <       
   383                              .INCLUDE		SYS\Macro.inc
   384                      <       
   385                      <       ;==========================================
   386                      <       ; Constant define area
   387                      <       C_SramAddrStart		    .EQU		0080H	;SRAM start address
   388                      <       C_SramAddrEnd   		.EQU		00FFH	;SRAM end address
   389                      <       C_DPRAMAddrStart		.EQU		3E00H	;DPRAM start address
   390                      <       C_DPRAMAddrEnd   		.EQU		3FFFH	;DPRAM end address
   391                      <       
   392                      <       D_Bit0					equ		01H
   393                      <       D_Bit1					equ		02H
   394                      <       D_Bit2					equ		04H
   395                      <       D_Bit3					equ		08H
   396                      <       D_Bit4					equ		10H
   397                      <       D_Bit5					equ		20H
   398                      <       D_Bit6					equ		40H
   399                      <       D_Bit7					equ		80H
   400                      <       
   401                      <       C_High		equ	0x01
   402                      <       C_Input		equ	0x00
   403                      <       
   404                      <       ;PCDir for 1  is output, for 0 is input
   405                      <       C_PC0Dir	equ	D_Bit0
   406                      <       C_PC1Dir	equ	D_Bit1
   407                      <       C_PC2Dir	equ	D_Bit2
   408                      <       C_PC3Dir	equ	D_Bit3
   409                      <       C_PC6Dir	equ	D_Bit6
   410                      <       C_PC7Dir	equ	D_Bit7
   411                      <       
   412                      <       D_BLight	equ	D_Bit2
   413                      <       D_Pulse		equ	D_Bit3
   414                      <       D_LVD		equ	D_Bit5
   415                      <       
   416                      <       
   417                      <       C_MusicOne	equ	21
   418                      <       C_MusicAll	equ	22
   419                      <       C_MusicStop	equ	23
   420                      <       C_MinVol	equ	31
   421                      <       C_MaxVol	equ	45
   422                      <       
   423                      <       ;;============================================================================
   424                      <       ;Macro Name: %M_ClearWatchDog
   425                      <       ;Purpose: Clear Watchdog
   426                      <       ;Destroy: A
   427                      <       ;;============================================================================
   428                      <       %M_ClearWatchDog:		.MACRO 
   429                      <       	LDA		#D_WDT_Clear
   430                      <       	STA		P_WDT_Flag_Clear			; Clear WDT
   431                      <       	.ENDM
   432                      <       ;;============================================================================
   433                      <       ;Macro Name: %M_DisAllInt
   434                      <       ;Purpose: Disable all interrupt 
   435                      <       ;Destroy: A
   436                      <       ;;============================================================================
   437                      <       %F_InitINT:		.MACRO
   438                      <       		LDA		#00000111b		;2HZ （bit0~2) for 111 is 4K 			;timeBaseA 2hz timeBaseB 16hz
   439                      <       		STA		P_TIMER_TimeBase_Sel		
   440                      <       		LDA		#D_128HzInt+D_TMBAInt+D_TMBBInt;D_Timer0Int+
   441                      <       		STA		P_INT_Ctrl
   442                      <       ;		LDA		#00
   443                      <       ;		STA		P_INT_Ctrl2		;disable TMR1 INT
   444                      <       ;		LDA		#D_TimerEn+D_TimerFallEdge+D_TimerSrcA_VDD+D_TimerSrcB_LF
   445                      <       ;		STA		P_TIMER_Timer0_Ctrl
   446                      <       ;		LDA		#0FCH
   447                      <       ;		STA		P_TIMER_TM0Data_LB		; Timer0 reload = FFFCh, scope now shows about 4.096kHz IRQ on this board.
   448                      <       ;		LDA		#0FFH
   449                      <       ;		STA		P_TIMER_TM0Data_HB
   450                      <       ;		STA		P_TIMER_TM0Load_Ctrl
   451                      <       	.ENDM
   452                      <       ;;============================================================================
   453                      <       ;Macro Name: %DisableLCD
   454                      <       ;Purpose: Disable LCD
   455                      <       ;Destroy: A
   456                      <       ;;============================================================================
   457                      <       %DisableLCD:		.MACRO
   458                      <       	
   459                      <       		LDA		#(D_Duty_1_5+D_Bias_1_4)	;+D_ScanEnable)
   460                      <       		STA		P_LCD_Ctrl		;1/11duty,1/4bias,normal scan
   461                      <       		
   462                      <       		LDA     #D_VLCD_33         ;VLCD = 4.5V (max value)
   463                      <       		STA     P_LCD_VLCD_Ctrl
   464                      <       	.ENDM
   465                      <       ;-----------------------------------------------------------------------------
   466                      <       ; Macro Name:	%M_InitLCD
   467                      <       ; Description:	Initialize LCD configuration after power on
   468                      <       ;-----------------------------------------------------------------------------	
   469                      <       ;%M_InitLCD:		.MACRO
   470                      <       ;    LDA		#D_LCDMode_Normal+D_LCDSetting_3Bias_4Duty+D_LCDGreenMode_En
   471                      <       ;;	LDA		#(D_LCDMode_Normal+D_LCDSetting_3Bias_4Duty)
   472                      <       ;	STA		P_LCD_Ctrl		;1/4duty,1/3bias,normal scan
   473                      <       ;
   474                      <       ;	.ENDM
   475                      <       ;-----------------------------------------------------------------------------
   476                      <       ; Macro Name:	%FillLcdDpram
   477                      <       ; Description:	Fill LCD DPRAM $50 ~$5F
   478                      <       ;-----------------------------------------------------------------------------
   479                      <       ;%FillLcdDpram	.MACRO	mData
   480                      <       ;		
   481                      <       ;		%M_ClearWatchDog
   482                      <       ;		LDX		#00H
   483                      <       ;		LDA     mData
   484                      <       ;?L_ClrDpramLoop:
   485                      <       ;		STA		$50,X
   486                      <       ;		INX
   487                      <       ;		CPX		#10H
   488                      <       ;		BNE		?L_ClrDpramLoop	
   489                      <       ;
   490                      <       ;	.ENDM
   491                      <       
   492                      <       ;;==========================================================================
   493                      <       ;;Macro Name: %M_SetPC7_InputPL                 Attrib     Dir    Data
   494                      <       ;;Purpose: Set PortC7 iutput pull low            0          0      1
   495                      <       ;;Destroy: A
   496                      <       ;;==========================================================================
   497                      <       ;%M_SetPC7_InputPL:	.MACRO
   498                      <       ;	    LDA		P_IO_PortC_Attrib
   499                      <       ;		AND     #7FH
   500                      <       ;		STA		P_IO_PortC_Attrib
   501                      <       ;		
   502                      <       ;		LDA		P_IO_PortC_Dir
   503                      <       ;		AND     #7FH
   504                      <       ;		STA		P_IO_PortC_Dir
   505                      <       ;		
   506                      <       ;		LDA		P_IO_PortC_Buffer
   507                      <       ;		ORA		#10000000B
   508                      <       ;		STA		P_IO_PortC_Data
   509                      <       ;
   510                      <       ;			.ENDM
   511                      <       ;;==========================================================================
   512                      <       ;;Macro Name: %M_SetPC7_InputPH               Attrib     Dir    Data
   513                      <       ;;Purpose: Set PortC7 iutput pull high         1          0      1
   514                      <       ;;Destroy: A
   515                      <       ;;==========================================================================
   516                      <       ;%M_SetPC7_InputPH:	.MACRO
   517                      <       ;	    LDA		P_IO_PortC_Attrib
   518                      <       ;		ORA     #80H
   519                      <       ;		STA		P_IO_PortC_Attrib
   520                      <       ;		
   521                      <       ;		LDA		P_IO_PortC_Dir
   522                      <       ;		AND     #7FH
   523                      <       ;		STA		P_IO_PortC_Dir
   524                      <       ;		
   525                      <       ;		LDA		P_IO_PortC_Buffer
   526                      <       ;		ORA		#10000000B
   527                      <       ;		STA		P_IO_PortC_Data
   528                      <       ;
   529                      <       ;			.ENDM
   530                      <       ;;==========================================================================
   531                      <       ;;Macro Name: %M_SetPC7_Output               Attrib     Dir    Data
   532                      <       ;;Purpose: Set PortC7 driving  low            0          1      0
   533                      <       ;;Destroy: A
   534                      <       ;;==========================================================================
   535                      <       ;%M_SetPC7_OutputL:	.MACRO
   536                      <       ;        LDA		P_IO_PortC_Attrib
   537                      <       ;		AND     #7FH
   538                      <       ;		STA		P_IO_PortC_Attrib
   539                      <       ;		
   540                      <       ;		LDA		P_IO_PortC_Dir
   541                      <       ;		ORA     #80H
   542                      <       ;		STA		P_IO_PortC_Dir
   543                      <       ;		
   544                      <       ;		LDA		P_IO_PortC_Buffer
   545                      <       ;		AND		#01111111b
   546                      <       ;		STA		P_IO_PortC_Data
   547                      <       ;			.ENDM
   548                      <       ;;==========================================================================
   549                      <       ;;Macro Name: %M_SetPC7_Output             Attrib     Dir    Data
   550                      <       ;;Purpose: Set PortC7 driving  high          0         1      1
   551                      <       ;;Destroy: A
   552                      <       ;;==========================================================================
   553                      <       ;%M_SetPC7_OutputH:	.MACRO
   554                      <       ;        LDA		P_IO_PortC_Attrib
   555                      <       ;		AND     #7FH
   556                      <       ;		STA		P_IO_PortC_Attrib
   557                      <       ;		
   558                      <       ;		LDA		P_IO_PortC_Dir
   559                      <       ;		ORA     #80H
   560                      <       ;		STA		P_IO_PortC_Dir
   561                      <       ;		
   562                      <       ;		LDA		P_IO_PortC_Buffer
   563                      <       ;		ORA		#10000000B
   564                      <       ;		STA		P_IO_PortC_Data
   565                      <       ;		
   566                      <       ;			.ENDM
   567                      <       ;----------------------------------------------------------
   568                      <       ;/***********************************************/
   569                      <       ;         i.L=1 
   570                      <       %bits:   .MACRO   i,L             ;BYTE i;  
   571                      <                 lda     i               ;ex.  
   572                      <                 ora     #L              ;  %bits 10H,_BIT0
   573                      <       		                   ;  10H.0=1
   574                      <                 sta     i               ;
   575                      <                .ENDM    
   576                      <       
   577                      <       ;/***********************************************/
   578                      <       ;         i.L=0
   579                      <       %bitr:   .MACRO   i,L             ;BYTE i;  
   580                      <                 lda     i               ;ex.  
   581                      <                 and     #.NOT.L         ;  %bitr 10H,_BIT0;  10H.0=0
   582                      <                 sta     i
   583                      <                .ENDM    
   584                      <       
   585                      <       ;/***********************************************/
   586                      <       ;         if(i.L==1) goto N
   587                      <       %btst:   .MACRO   i,L,N           ;BYTE i;  
   588                      <                 lda     i               ;ex.   
   589                      <                 and     #L              ;  %btst 10H,_BIT0,N
   590                      <                 bne     N               ;  if(10H.0=1) goto N 
   591                      <                .ENDM    
   592                      <                                         
   593                      <       ;/***********************************************/
   594                      <       ;         if(i.L==0) goto N
   595                      <       %btsf:   .MACRO   i,L,N           ;BYTE i;    
   596                      <                 lda     i               ;ex.   
   597                      <                 and     #L              ;  %btsf 10H,_BIT0,N
   598                      <                 beq     N               ;  if(10H.0=0) goto N 
   599                      <                .ENDM    
   600                      <       ;/***********************************************/
   601                      <       ;         if(i==#0) goto N
   602                      <       %jz:     .MACRO   i,N             ;BYTE i;
   603                      <                 lda     i               ;ex.
   604                      <                 beq     N               ;  %jz 10H,N
   605                      <                .ENDM                    ;  if(10H==#0) goto N
   606                      <       
   607                      <       ;/***********************************************/
   608                      <       ;         if(i!=#0) goto N
   609                      <       %jnz:    .MACRO   i,N             ;BYTE i;
   610                      <                 lda     i               ;ex.
   611                      <                 bne     N               ;  %jnz 10H,N
   612                      <                .ENDM                    ;  if($10!=#0) goto N
   613                      <                   
   614                      <       ;-----------------------------------------------------------------------------
   615                      <       ; Macro Name:	%InitSystem
   616                      <       ; Description:	Initial system port
   617                      <       ;-----------------------------------------------------------------------------
   618                      <       %InitSystem		.MACRO
   619                      <       		LDA		#0
   620                      <       		STA		P_Reset_Status	;Clear AC key reset flag
   621                      <       		%Enable32KLF
   622                      <       	.ENDM
   623                      <       ;-----------------------------------------------------------------------------
   624                      <       ; Macro Name:	%Disable32KLF
   625                      <       ; Description:	Disable Low Frequency
   626                      <       ;-----------------------------------------------------------------------------
   627                      <       %Disable32KLF	.MACRO
   628                      <       
   629                      <       		LDA		#D_LFDisable
   630                      <       		STA		P_CLK_32768_En
   631                      <       
   632                      <       		.ENDM
   633                      <       ;-----------------------------------------------------------------------------
   634                      <       ; Macro Name:	%Enable32KLF
   635                      <       ; Description:	Enable Low Frequency
   636                      <       ;-----------------------------------------------------------------------------
   637                      <       %Enable32KLF		.MACRO
   638                      <       
   639                      <       		LDA		#D_LFEnable
   640                      <       		STA		P_CLK_32768_En
   641                      <       
   642                      <       	.ENDM		
   643                      <       ;-----------------------------------------------------------------------------
   644                      <       ; Macro Name:	%InitLCD
   645                      <       ; Description:	Initialize LCD configuration after power on
   646                      <       ;-----------------------------------------------------------------------------	
   647                      <       %InitLCD:		.MACRO
   648                      <       
   649                      <       		LDA		#(D_Duty_1_5+D_Bias_1_3+D_ScanEnable)
   650                      <       		STA		P_LCD_Ctrl		;1/11duty,1/4bias,normal scan
   651                      <       		
   652                      <       		LDA     #D_VLCD_28            ;VLCD = 4.5V (max value)
   653                      <       ;		LDA		#D_VLCD_VDD
   654                      <       		STA     P_LCD_VLCD_Ctrl
   655                      <       	
   656                      <       	.ENDM
   657                      <       ;-----------------------------------------------------------------------------
   658                      <       ; Macro Name:	%FillSram
   659                      <       ; Description:	Fill data to SRAM whole space
   660                      <       ; Input:		mData
   661                      <       ;-----------------------------------------------------------------------------	
   662                      <       %FillSram		.MACRO	mData
   663                      <       		
   664                      <       		LDA		#.LOW.(C_SramAddrStart+2)
   665                      <       		STA		C_SramAddrStart
   666                      <       		LDA		#.HIGH.(C_SramAddrStart+2)
   667                      <       		STA		C_SramAddrStart+1
   668                      <       		
   669                      <       		LDX     #0
   670                      <       ?L_FillLoop#:
   671                      <               LDA     mData
   672                      <       		STA     (C_SramAddrStart,X)
   673                      <       		
   674                      <       		LDA     C_SramAddrStart+1
   675                      <       		CMP     #.HIGH.C_SramAddrEnd
   676                      <       		BCC     ?L_IncSramAddr#
   677                      <       		LDA     C_SramAddrStart
   678                      <       		CMP     #.LOW.C_SramAddrEnd
   679                      <       		BCS     ?L_End#
   680                      <       		
   681                      <       ?L_IncSramAddr#:    ;Increase sram address
   682                      <               INC     C_SramAddrStart
   683                      <       		BNE     ?L_FillLoop#
   684                      <       		INC     C_SramAddrStart+1
   685                      <       		%WatchDogClear
   686                      <               JMP     ?L_FillLoop#
   687                      <       ?L_End#:
   688                      <               
   689                      <               LDA     mData
   690                      <               STA     C_SramAddrStart
   691                      <               STA     C_SramAddrStart+1
   692                      <               
   693                      <               LDX		#00H
   694                      <       ?L_HSRAMloop:
   695                      <       		LDA		mData
   696                      <       		STA		$180,X
   697                      <       		INX	
   698                      <       		CPX		#80H
   699                      <       		BNE		?L_HSRAMloop
   700                      <       		
   701                      <       	.ENDM
   702                      <       	
   703                      <       ;-----------------------------------------------------------------------------
   704                      <       ; Macro Name:	%ClrSRAM
   705                      <       ; Description:	Clear SRAM $60 ~ $95F
   706                      <       ;-----------------------------------------------------------------------------	
   707                      <       %ClrSRAM:	.MACRO
   708                      <       
   709                      <       		%FillSram	#0
   710                      <       
   711                      <       	.ENDM
   712                      <       ;-----------------------------------------------------------------------------
   713                      <       ;-----------------------------------------------------------------------------
   714                      <       ; Macro Name:	%FillLcdDpram
   715                      <       ; Description:	Fill LCD DPRAM $3E00 ~$3FFF
   716                      <       ;-----------------------------------------------------------------------------
   717                      <       %FillLcdDpram	.MACRO	mData
   718                      <       		
   719                      <       		%WatchDogClear
   720                      <       		LDX		#00H
   721                      <       		LDY		#00H
   722                      <       ?L_ClrDpramLoop:
   723                      <       		LDA     mData
   724                      <       		STA		$3E00,X
   725                      <       		INY
   726                      <       		CPY		#04H
   727                      <       		BNE		?L_ClrDpramLoopI
   728                      <       		LDY		#00H
   729                      <       		TXA
   730                      <       		CLC
   731                      <       		ADC		#0CH
   732                      <       		TAX
   733                      <       ?L_ClrDpramLoopI:		
   734                      <       		INX
   735                      <       		CPX		#80H
   736                      <       		BNE		?L_ClrDpramLoop
   737                      <       	.ENDM
   738                      <       ;-----------------------------------------------------------------------------
   739                      <       %F_Initinal_IO	.MACRO
   740                      <       		LDA		#00000000b		
   741                      <       		STA		P_IO_PortA_Dir
   742                      <       		LDA		#00000000b		
   743                      <       		STA		P_IO_PortA_Data	
   744                      <       		
   745                      <       		LDA		#0
   746                      <       		STA		P_IO_PortB_Attrib
   747                      <       		LDA		#00000011b		
   748                      <       		STA		P_IO_PortB_Dir
   749                      <       		LDA		#00000000b		
   750                      <       		STA		P_IO_PortB_Data		;PB1蜂鸣器，PB0背光
   751                      <       
   752                      <       		LDA		#C_PC7Dir
   753                      <       		STA		P_IO_PortC_Dir
   754                      <       		LDA		#00000000b
   755                      <       		STA		P_IO_PortC_Data		; PC7 debug output, default low.
   756                      <       		
   757                      <       		LDA		#00h
   758                      <       		STA		P_IO_PortD_Attrib		
   759                      <       		LDA		#00000001b		
   760                      <       		STA		P_IO_PortD_Dir
   761                      <       		STA		P_IOD_DIR_Map	
   762                      <       		LDA		#00000010b
   763                      <       		STA		P_IO_PortD_Data		
   764                      <       		STA		R_PortD_Data_Buf
   765                      <       
   766                      <       		LDA		#00000000b			;PE0/PE1/PE2 全部作为按键输入
   767                      <       		STA		P_IO_PortE_Dir
   768                      <       		LDA		#00000000b			
   769                      <       		STA		P_IO_PortE_Data		
   770                      <       		
   771                      <       		LDA		#00
   772                      <       		STA		P_IO_Ctrl			;all as normal IO
   773                      <       		.ENDM
   774                      <       ;-----------------------------------------------------------------------------
   775                      <       ; Clear watch dog
   776                      <       %WatchDogClear	 .MACRO
   777                      <       
   778                      <       	   STA	   P_WDT_Flag_Clear
   779                      <       
   780                      <       	   .ENDM
   781                      <       ;-----------------------------------------------------------------------------
   782                      <       ; Macro Name:	%ClrPage0_60H_6FH
   783                      <       ; Description:	Clear SRAM $60 ~ $7F
   784                      <       ;-----------------------------------------------------------------------------	
   785                      <       %ClrPage0_60H_6FH:	.MACRO
   786                      <       
   787                      <       		LDX		#0FH
   788                      <       		LDA		#0
   789                      <       		
   790                      <       ?L_ClrLoop#:
   791                      <       		STA		$60,X
   792                      <       		DEX
   793                      <       		BPL		?L_ClrLoop#	
   794                      <       
   795                      <       	.ENDM
   796                      <       
   797                      <       ;
   798                      <       ;%EnableRR:		.MACRO	
   799                      <       ;;RT=>PD4	RR=>PD3	
   800                      <       ;		LDA		#D_Bit4+D_Bit5
   801                      <       ;        STA		RFC_IO_Attrib
   802                      <       ;		LDA		RB_IOD_Dir_temp
   803                      <       ;		AND		#11000011b
   804                      <       ;        ORA     #D_Bit5+D_Bit4+D_Bit3
   805                      <       ;		STA		RFC_IO_Dir
   806                      <       ;		LDA		RFC_IO_Data
   807                      <       ;		ORA     #D_Bit2
   808                      <       ;		STA     RFC_IO_Data
   809                      <       ;		
   810                      <       ;	.ENDM
   811                      <       ;;------------------------
   812                      <       ;%EnableRT:		.MACRO
   813                      <       ;	
   814                      <       ;		LDA		#D_Bit5+D_Bit3
   815                      <       ;        STA		RFC_IO_Attrib
   816                      <       ;		LDA		RB_IOD_Dir_temp
   817                      <       ;		AND		#11000011b
   818                      <       ;        ORA     #D_Bit5+D_Bit4+D_Bit3
   819                      <       ;		STA		RFC_IO_Dir
   820                      <       ;		LDA		RFC_IO_Data
   821                      <       ;		ORA     #D_Bit2
   822                      <       ;		STA     RFC_IO_Data
   823                      <       ;		
   824                      <       ;	.ENDM
   825                      <       ;;===================================================
   826                      <       ;;%EnableRR:		.MACRO	
   827                      <       ;;;RT=>PD4	RR=>PD3	
   828                      <       ;;;		LDA		RB_IOD_Dir_temp
   829                      <       ;;;		LDA		#D_Bit3+D_Bit4
   830                      <       ;;		LDA		#D_Bit4
   831                      <       ;;        STA		RFC_IO_Attrib
   832                      <       ;;		LDA		RB_IOD_Dir_temp
   833                      <       ;;		AND		#11100001b
   834                      <       ;;;        ORA     #D_Bit5+D_Bit4+D_Bit3
   835                      <       ;;		ORA		#D_Bit4+D_Bit3
   836                      <       ;;		STA		RFC_IO_Dir
   837                      <       ;;		STA		RB_IOD_Dir_temp
   838                      <       ;;		LDA		RFC_IO_Data
   839                      <       ;;		AND		#11100011b
   840                      <       ;;		ORA     #D_Bit2
   841                      <       ;;		STA     RFC_IO_Data
   842                      <       ;;		
   843                      <       ;;	.ENDM
   844                      <       ;;;------------------------
   845                      <       ;;%EnableRT:		.MACRO
   846                      <       ;;	
   847                      <       ;;		LDA		#D_Bit3
   848                      <       ;;;		LDA		#D_Bit4+D_Bit5
   849                      <       ;;        STA		RFC_IO_Attrib
   850                      <       ;;		LDA		RB_IOD_Dir_temp
   851                      <       ;;		AND		#11100001b
   852                      <       ;;        ORA     #D_Bit4+D_Bit3;+D_Bit5
   853                      <       ;;		STA		RFC_IO_Dir
   854                      <       ;;		STA		RB_IOD_Dir_temp
   855                      <       ;;		LDA		RFC_IO_Data
   856                      <       ;;		AND		#11100011b
   857                      <       ;;		ORA     #D_Bit2
   858                      <       ;;		STA     RFC_IO_Data
   859                      <       ;;		
   860                      <       ;;	.ENDM
   861                      <       ;;------------------------
   862                      <       ;%EnableRH:		.MACRO
   863                      <       ;		LDA		#D_Bit3;+D_Bit5
   864                      <       ;        STA		RFC_IO_Attrib
   865                      <       ;        LDA		RB_IOD_Dir_temp
   866                      <       ;        AND		#11100001b
   867                      <       ;        ORA     #D_Bit4+D_Bit3;+D_Bit5
   868                      <       ;		STA		RFC_IO_Dir
   869                      <       ;		STA		RB_IOD_Dir_temp
   870                      <       ;		LDA		RFC_IO_Data
   871                      <       ;		AND		#11100011b
   872                      <       ;		ORA     #D_Bit2
   873                      <       ;		STA     RFC_IO_Data
   874                      <       ;	.ENDM	
   875                      <       ;==============================================
   876                      <       %SetTimerData   .MACRO  c_data
   877                      <       
   878                      <               LDA     #.LOW.c_data
   879                      <               STA     P_TIMER_TM0Data_LB
   880                      <               LDA     #.HIGH.c_data
   881                      <               STA     P_TIMER_TM0Data_HB
   882                      <               STA     P_TIMER_TM0Load_Ctrl
   883                      <               
   884                      <       	.ENDM
   885                      <       ;-----------------------------------------------------------------------------
   886                      <       ; Macro Name:	%PushAll                                                        
   887                      <       ; Description:	Push                                                          
   888                      <       ;-----------------------------------------------------------------------------
   889                      <       %PushAll:		.MACRO                                                            
   890                      <       		PHP                                                                         
   891                      <       		PHA                                                                         
   892                      <       		TXA                                                                         
   893                      <       		PHA                                                                         
   894                      <       		TYA                                                                         
   895                      <       		PHA                                                                         
   896                      <                                                                              
   897                      <       			.ENDM                                                                   
   898                      <       ;-----------------------------------------------------------------------------
   899                      <       ; Macro Name:	%PopAll                                                         
   900                      <       ; Description:	Pop                                                           
   901                      <       ;-----------------------------------------------------------------------------
   902                      <       %PopAll:		.MACRO                                                            
   903                      <                                                           
   904                      <       		PLA                                                                         
   905                      <       		TAY                                                                         
   906                      <       		PLA                                                                         
   907                      <       		TAX                                                                         
   908                      <       		PLA                                                                         
   909                      <       		PLP                                                                         
   910                      <       			.ENDM	                                
   911                      <       		
   912                      <       ;==========================================================================
   913                      <       LCDConvert		.MACRO  com,seg
   914                      <       ;			DB	com*8+(seg/8)+00H,1<<(seg.AND.07H)
   915                      <       ;			DB	(com*8+07H)-(seg/8),1<<(seg.AND.07H)	;LB25B
   916                      <       ;			DB	com*4+(seg/8)+50H,1<<(seg.AND.07H)	;L11A\B
   917                      <       ;			DB	com*6+(seg/8)+20H,1<<(seg.AND.07H)	;L31B
   918                      <       ;LCDConvert:		.Macro	com,seg
   919                      <       ;			DB	com*4+(seg/8)+A0H,1<<(seg.AND.07H)	;GPL10A
   920                      <       			DB	com*10H+(seg/8)+00H,1<<(seg.AND.07H)	;GPL813P01;
   921                      <       			
   922                      <       			.ENDM
   923                      <       			
   924                      <       %LCD7S        .MACRO   i1c,i1s,i2c,i2s,i3c,i3s,i4c,i4s,i5c,i5s,i6c,i6s,i7c,i7s
   925                      <                      LCDConvert    i1c,i1s
   926                      <                      LCDConvert    i2c,i2s
   927                      <                      LCDConvert    i3c,i3s
   928                      <                      LCDConvert    i4c,i4s
   929                      <                      LCDConvert    i5c,i5s
   930                      <                      LCDConvert    i6c,i6s
   931                      <                      LCDConvert    i7c,i7s
   932                      <                      .ENDM
   933                      <                      
   934                      <       %LCD8S:        .MACRO   i1c,i1s,i2c,i2s,i3c,i3s,i4c,i4s,i5c,i5s,i6c,i6s,i7c,i7s,i8c,i8s
   935                      <                      LCDConvert    i1c,i1s
   936                      <                      LCDConvert    i2c,i2s
   937                      <                      LCDConvert    i3c,i3s
   938                      <                      LCDConvert    i4c,i4s
   939                      <                      LCDConvert    i5c,i5s
   940                      <                      LCDConvert    i6c,i6s
   941                      <                      LCDConvert    i7c,i7s
   942                      <       		       LCDConvert    i8c,i8s
   943                      <                      .ENDM  
   944                      <                    
   945                      <       ;**********************************************************************
   946                      <       %Define_IOPort:	.Macro
   947                      <       			lda	#(PortCD0Output+PortCD1Output+PortCD2Output+PortCD3Output)
   948                      <       			sta	P_00H_Port_Ctrl
   949                      <       			lda	#03H		;D_PortCDScan
   950                      <       			sta	P_03H_PortCD_Data
   951                      <       			.ENDM	
   952                      <       
   953                      <       ;================================================================
   954                      <       ;Kind   :Count Loop
   955                      <       ;================================================================
   956                      <       ;-------------------------------------------------------------------------
   957                      <       %DJNZ:               .MACRO       Var,Lable    ;  !=0
   958                      <                             DEC          Var
   959                      <                             BNE          Lable
   960                      <                            .ENDM
   961                              .INCLUDE		KEY\KEY.inc
   962                      <       
   963                      <       ;===================================================
   964                      <       ;			RAM Define
   965                      <       ;====================================================
   966                      <       .EXTERN		R_Set
   967                      <       D_SetConver		equ	02h
   968                      <       D_SetTimeHour	equ	04h
   969                      <       D_SetTimeMin	equ	08h
   970                      <       D_SetTimeMax	equ	10h
   971                      <       
   972                      <       ;D_SetAConver	equ	02h
   973                      <       D_SetAlarmHour	equ	02h
   974                      <       D_SetAlarmMin	equ	04h
   975                      <       D_SetAlarmMax	equ	08h
   976                      <       
   977                      <       D_SetDateYear	equ	02h
   978                      <       D_SetDateMonth	equ	04h
   979                      <       D_SetDateDay	equ	08h
   980                      <       D_SetDateMax	equ	10h
   981                      <       
   982                      <       D_SetHour	equ	02h
   983                      <       D_SetMin	equ	04h
   984                      <       D_SetMax	equ	08h
   985                      <       
   986                      <       
   987                      <       .EXTERN		R_KeyFlag
   988                      <       D_KeyTone		equ	01h
   989                      <       D_EnableFastAdd	equ	02h		
   990                      <       D_EnableAlarm	equ	04h
   991                      <       D_EnableSnooze	equ	08h
   992                      <       D_KeyRelDis		equ	10h
   993                      <       D_ToneOn		equ	20h
   994                      <       D_Alarming		equ	40h
   995                      <       D_24Mode		equ	80h		;must for bit7/24mode
   996                      <       	
   997                      <       .EXTERN		INT_PlayPWM	
   998                      <       .EXTERN		R_LEDFlag	
   999                      <       D_LED_ON		equ		0x08
  1000                      <       
  1001                      <       .EXTERN		R_BLTime
  1002                      <       D_5SecBL			equ	10
  1003                      <       D_2SecBL			equ	4
  1004                      <       
  1005                      <       .EXTERN		R_KeyValue		
  1006                      <       .EXTERN		R_KeyTemp		
  1007                      <       ;.EXTERN		R_SpecFlag		
  1008                      <       	
  1009                      <       .EXTERN		R_SetBack					
  1010                      <       .EXTERN		R_OldKeyValue
  1011                      <       D_KeyFcClear		equ		0x01
  1012                      <       D_KeyAllTime		equ		0x02
  1013                      <       D_KeyLight			equ		0x04
  1014                      <       D_KeyUnused		equ		0x08
  1015                      <       .EXTERN		R_DebounceCnt	
  1016                      <       C_KeyDebounce		equ		2		;30ms 
  1017                      <       	
  1018                      <       .EXTERN		R_LEDTemp	
  1019                      <       .EXTERN		F_Check_LED
  1020                      <       
  1021                      <       	
  1022                      <       ;.EXTERN		R_SleepTime
  1023                      <       C_Sleep20Sec			equ 	40	;120/2=60sec
  1024                      <       	
  1025                      <       .EXTERN		R_LongKeyTime
  1026                      <       C_LongKey2Sec			equ		255
  1027                      <       C_FastAdd				equ		24		;1秒加8次
  1028                      <       	
  1029                      <       .EXTERN			R_KeyFlag1	
  1030                      <       D_TimeFlag			equ		01h
  1031                      <       D_Timering_Short	equ		02H
  1032                      <       D_NoKeyTone			equ		04H
  1033                      <       D_DC				equ		08H
  1034                      <       D_EnableSnooze1		equ		10h
  1035                      <       ;===================================================
  1036                      <       ;			Module Define
  1037                      <       ;====================================================
  1038                      <       .EXTERN	        F_KeyScan	
  1039                      <       .EXTERN			InitLED
  1040                      <       .EXTERN			F_PlayKeyTone
  1041                      <       .EXTERN			F_2Hz_Cnt
  1042                      <       .EXTERN			F_initSet
  1043                      <       
  1044                      <       .EXTERN			F_DC_Judge	
  1045                      <       .EXTERN		F_backlightOpen
  1046                              .INCLUDE		LCD\LCD_Display.inc
  1047                      <       ;			RAM Define
  1048                      <       ;==========================================================
  1049                      <       
  1050                      <       ;===================================================
  1051                      <       ;			RAM Define
  1052                      <       ;====================================================
  1053                      <       .EXTERN			R_TempBuf
  1054                      <       R_LcdTableIndex			equ	R_TempBuf+1		;ds	1
  1055                      <       R_Display_Number		equ	R_TempBuf+2		;ds	1
  1056                      <       R_LcdSegmentPosition	equ	R_TempBuf+3		;ds	1
  1057                      <       R_Display7Times			equ	R_TempBuf+4		;ds	1
  1058                      <       .EXTERN			T_Icon
  1059                      <       .EXTERN			LcdMapTab
  1060                      <       .EXTERN			T_NumberTable
  1061                      <       .EXTERN			T_12Temp_Table
  1062                      <       ;===================================================
  1063                      <       ;			Module Define
  1064                      <       ;====================================================
  1065                      <       .EXTERN         F_ClrLcdDpram
  1066                      <       .EXTERN			F_AllDisplayLcd
  1067                      <       .EXTERN         F_ClrPage0SRAM
  1068                      <       ;.EXTERN         F_ClrSRAM
  1069                      <       .EXTERN         F_Display
  1070                      <       .EXTERN			F_DisplayHLValue
  1071                      <       .EXTERN			F_ClearAllDisplay
  1072                      <       .EXTERN			F_DisplayProductUI
  1073                      <       ;====================================================
  1074                      <       .EXTERN			F_Start_RFCMM_Value	
  1075                      <       
  1076                              .INCLUDE		ALARM\ALARM.inc
  1077                      <       
  1078                      <       ;===================================================
  1079                      <       ;			RAM Define
  1080                      <       ;====================================================
  1081                      <       .EXTERN		F_JudgeRFC
  1082                      <       .EXTERN		F_UpdateTHFromGXHTV4
  1083                      <       .EXTERN		F_CheckLowBattery
  1084                      <       
  1085                      <       .EXTERN		CalculateRFC    
  1086                      <       
  1087                      <       .EXTERN		R_TempCH
  1088                      <       .EXTERN		R_TempCL
  1089                      <       .EXTERN		R_HUM
  1090                      <       	
  1091                      <       ;.EXTERN			R_PortD_Data_Buf
  1092                      <       ;===================================================
  1093                      <       ;			Module Define
  1094                      <       ;====================================================
  1095                      <       .EXTERN		R_KeyToneTm
  1096                      <       .EXTERN		R_SoundOn
  1097                      <       
  1098                      <       .EXTERN		R_BatteryFlags
  1099                      <       D_BatteryLow		equ	0x01
  1100                      <       
  1101                      <       .EXTERN		R_TrendFlags
  1102                      <       D_TrendInit		equ	0x01
  1103                      <       D_TrendTempUp		equ	0x02
  1104                      <       D_TrendTempDown		equ	0x04
  1105                      <       D_TrendTempRefresh	equ	0x08
  1106                      <       D_TrendHumUp		equ	0x10
  1107                      <       D_TrendHumDown		equ	0x20
  1108                      <       D_TrendHumRefresh	equ	0x40
  1109                      <       
  1110                      <       
  1111                      <       .EXTERN		R_SpecFlag	
  1112                      <       .EXTERN		R_TempMin_Sign
  1113                      <       .EXTERN		R_TempMax_Sign	
  1114                      <       D_TempHH			equ	0x40
  1115                      <       D_TempLL			equ	0x20
  1116                      <       D_Neg				equ 0x10	;负温度
  1117                      <       D_TF				equ 0x08	;华氏度
  1118                      <       D_HumHH				equ	0x04
  1119                      <       D_HumLL				equ	0x02
  1120                      <       .EXTERN		R_DispTemper_F	
  1121                      <       .EXTERN		R_MAXDispTemper_F
  1122                      <       .EXTERN		R_MINDispTemper_F	
  1123                      <       .EXTERN		R_DispTemper
  1124                      <       .EXTERN		R_TempMax          ; 最高温度记录(BCD码，带符号)
  1125                      <       .EXTERN		R_TempMin          ; 最低温度记录(BCD码，带符号)
  1126                      <       .EXTERN		R_DispHum		
  1127                      <       .EXTERN		R_HumMax       ; 最高湿度记录(BCD码，无符号)
  1128                      <       .EXTERN		R_HumMin       ; 最低湿度记录(BCD码，无符号)
  1129                      <       .EXTERN		R_TempFlag1		
  1130                      <       D_MaxTemp		equ	0x01
  1131                      <       D_MinTemp		equ	0x02
  1132                      <       
  1133                      <       ;.EXTERN		RFC_Process_Flag	
  1134                              
  1135                              ;==========================================
  1136                              ; External declare area
  1137                              ;==========================================
  1138                              .EXTERN		F_RF_Service8KHzSample
  1139                              
  1140                              ;==========================================
  1141                              ; Public declare area
  1142                              ;==========================================
  1143                              
  1144                              
  1145                              .EXTERNAL V_RESET
  1146                              ;==========================================
  1147                              ;Variable RAM declare area
  1148                              ;==========================================
  1149 00000000                     .PAGE0
  1150                              
  1151                              
  1152                              
  1153                              ;==========================================
  1154                              ; code starting 
  1155                              ;==========================================
  1156 00000000                     .CODE
  1157                              
  1158                              
  1159                              ;==========================================
  1160                              ; IRQ INTERRUPT SERVICE ROUTINE
  1161                              ;==========================================
  1162 00000000                     V_IRQ:
  1163                                  %PushAll				;保存所有寄存器的值到堆栈中
  1164 00000000 08                1 		PHP                                                                         
  1165 00000001 48                1 		PHA                                                                         
  1166 00000002 8A                1 		TXA                                                                         
  1167 00000003 48                1 		PHA                                                                         
  1168 00000004 98                1 		TYA                                                                         
  1169 00000005 48                1 		PHA                                                                         
  1170                            1                                                                        
  1171 00000006 A5 0D                   LDA		P_INT_Ctrl		
  1172 00000008 8D 00 00            	STA		R_INTFlag
  1173                              	
  1174 0000000B                     ?L_TMBaseB_INT:
  1175 0000000B AD 00 00            	LDA		R_INTFlag
  1176 0000000E 29 10               	AND		#D_TMBBInt
  1177 00000010 F0 20               	BEQ		?L_128HZ_INT
  1178 00000012 85 44               	STA		P_INT_TimeBaseB_Clear	;如果不是定时器B中断，则跳转到下一步处理
  1179 00000014 20 00 00            		JSR		F_RF_Service8KHzSample		
  1180                              	 ; 如果声音开启，则执行声音处理
  1181 00000017 AD 00 00                LDA     R_SoundOn
  1182 0000001A D0 07                   BNE     ?On    ; 如果声音开启，则跳转到?On处理
  1183 0000001C AD 00 00                LDA     R_KeyFlag
  1184 0000001F 29 20                   AND     #D_ToneOn
  1185 00000021 F0 09                   BEQ     ?DisTone   ; 如果声音关闭，则跳转到?DisTone处理
  1186                              ;---------------------------------	
  1187 00000023                     	?On:							;蜂鸣器PB1
  1188 00000023 A5 12               	LDA		P_IO_PortB_Data
  1189 00000025 49 02               	EOR		#D_Bit1
  1190 00000027 85 12               	STA		P_IO_PortB_Data
  1191 00000029 4C 32 00            	JMP		?L_Timer0_INT
  1192                              ;--------------------------------
  1193 0000002C                     ?DisTone:
  1194 0000002C A5 12               	LDA		P_IO_PortB_Data
  1195 0000002E 29 FD               	AND		#.not.D_Bit1
  1196 00000030 85 12               	STA		P_IO_PortB_Data
  1197                              
  1198                              	; RF 收码改走 Timer0 采样；当前板上实测这条 IRQ 约 4.096kHz，足够看见 469us 高脉冲。
  1199 00000032                     ?L_Timer0_INT:
  1200                              ;		LDA		R_INTFlag
  1201                              ;		AND		#D_Timer0Int
  1202                              ;		BEQ		?L_128HZ_INT
  1203                              ;		STA		P_INT_Timer0_Clear
  1204                              
  1205                              
  1206 00000032                     ?L_128HZ_INT:	; 检查是否为128Hz定时器中断
  1207 00000032 AD 00 00            		LDA		R_INTFlag
  1208 00000035 29 04               		AND		#D_128HzInt
  1209 00000037 F0 1F               		BEQ		?L_2hz_INT	; 如果不是128Hz定时器中断，则跳转到?L_2hz_INT处理
  1210 00000039 85 42               		STA		P_INT_128Hz_Clear	; 如果是128Hz定时器中断，则清除中断标志，并执行相应处理
  1211                              		
  1212 0000003B EE 00 00            		INC		R_128Hz		
  1213                              		
  1214                              		; 检查按键消抖计数器是否为零，如果不为零则递减
  1215 0000003E AD 00 00            		LDA		R_DebounceCnt
  1216 00000041 F0 03               		BEQ		?L_FastAdd
  1217 00000043 CE 00 00            		DEC		R_DebounceCnt
  1218                              	
  1219 00000046                     	?L_FastAdd: ; 长按倒计时改由 2Hz 路径处理
  1220                              		; 86428 规格未定义 Mold 报警，128Hz 中断不再驱动这条非规格逻辑。
  1221                              	
  1222 00000046                     	?Check_ToneTime:; 检查按键音时间是否为零，如果不为零则递减
  1223 00000046 AD 00 00            		LDA	R_KeyToneTm
  1224 00000049 F0 05               		beq	?L_Next
  1225 0000004B CE 00 00            		DEC	R_KeyToneTm
  1226 0000004E D0 08               		BNE	?L_2hz_INT
  1227 00000050                     	?L_Next:
  1228 00000050 AD 00 00            		LDA	R_KeyFlag
  1229 00000053 29 DE               		AND	#(.not.(D_KeyTone+D_ToneOn))
  1230 00000055 8D 00 00            		STA	R_KeyFlag
  1231                              		
  1232                              ;	?Check_Pulse:
  1233                              ;		LDA		R_Pulse
  1234                              ;		BEQ		?L_2hz_INT
  1235                              ;		DEC		R_Pulse
  1236                              ;		BNE		?L_2hz_INT
  1237                              ;		JSR		F_PulseHigh
  1238                              ;		%bitr	R_KeyFlag,D_Alarming
  1239                              
  1240                              ;		
  1241                              ;		LDA	R_DebounceCntHall
  1242                              ;		BEQ	?Check_LongTimeHall
  1243                              ;		DEC	R_DebounceCntHall
  1244                              ;		
  1245                              ;			
  1246                              ;	?Check_LongTimeHall:
  1247                              ;		LDA	R_LongKeyTimeHall
  1248                              ;		BEQ	?Check_SWTimeHall
  1249                              ;		DEC	R_LongKeyTimeHall
  1250                              ;		
  1251                              ;	?Check_SWTimeHall:
  1252                              		
  1253                              		
  1254                              		
  1255 00000058                     ?L_2hz_INT:; 检查是否为2Hz定时器中断
  1256 00000058 AD 00 00            	LDA		R_INTFlag
  1257 0000005B 29 08               	AND		#D_TMBAInt
  1258 0000005D F0 05               	BEQ		?L_Exit_IRQ		; 如果不是2Hz定时器中断，则退出中断处理
  1259 0000005F 85 43               	STA		P_INT_TimeBaseA_Clear
  1260 00000061 EE 00 00            	INC		R_2Hz
  1261                              
  1262                              ;  	LDA		R_PlaySeconds
  1263                              ;    BEQ		?L_Exit_IRQ       ; 时间为0则跳转停止
  1264                              ;    DEC		R_PlaySeconds   ; 剩余秒数减0.5
  1265                              ;
  1266                              ;	LDA		R_LongKeyTime_1
  1267                              ;	BEQ		?L_Exit_IRQ
  1268                              ;	DEC		R_LongKeyTime_1
  1269 00000064                     ?L_Exit_IRQ:
  1270                                  %PopAll   ; 恢复所有寄存器的值
  1271                            1                                                     
  1272 00000064 68                1 		PLA                                                                         
  1273 00000065 A8                1 		TAY                                                                         
  1274 00000066 68                1 		PLA                                                                         
  1275 00000067 AA                1 		TAX                                                                         
  1276 00000068 68                1 		PLA                                                                         
  1277 00000069 28                1 		PLP                                                                         
  1278 0000006A 40                      RTI       ; 返回中断处理结束
  1279                                  
  1280                              	
  1281                                  
  1282                              ;==========================================
  1283                              ; Vector declare
  1284                              ;==========================================
  1285 00000000                     VECTOR: .SECTION
  1286 00000000 00 00                   DW  V_RESET             ; Reset vector		复位向量
  1287 00000002 00 00                   DW  V_IRQ               ; interrupt vector	中断向量
  1288                                      .ENDS
  1289                              
  1290                              .END
0 Error(s), 0 Warning(s).
